Archive member included to satisfy reference by file (symbol)

D:/ProgramFiles/ST/STM32CubeIDE_1.16.1/STM32CubeIDE/plugins/com.st.stm32cube.ide.mcu.externaltools.gnu-tools-for-stm32.12.3.rel1.win32_1.0.200.202406191623/tools/bin/../lib/gcc/arm-none-eabi/12.3.1/../../../../arm-none-eabi/lib/thumb/v7e-m+fp/hard\libc_nano.a(libc_a-exit.o)
                              D:/ProgramFiles/ST/STM32CubeIDE_1.16.1/STM32CubeIDE/plugins/com.st.stm32cube.ide.mcu.externaltools.gnu-tools-for-stm32.12.3.rel1.win32_1.0.200.202406191623/tools/bin/../lib/gcc/arm-none-eabi/12.3.1/../../../../arm-none-eabi/lib/thumb/v7e-m+fp/hard/crt0.o (exit)
D:/ProgramFiles/ST/STM32CubeIDE_1.16.1/STM32CubeIDE/plugins/com.st.stm32cube.ide.mcu.externaltools.gnu-tools-for-stm32.12.3.rel1.win32_1.0.200.202406191623/tools/bin/../lib/gcc/arm-none-eabi/12.3.1/../../../../arm-none-eabi/lib/thumb/v7e-m+fp/hard\libc_nano.a(libc_a-findfp.o)
                              D:/ProgramFiles/ST/STM32CubeIDE_1.16.1/STM32CubeIDE/plugins/com.st.stm32cube.ide.mcu.externaltools.gnu-tools-for-stm32.12.3.rel1.win32_1.0.200.202406191623/tools/bin/../lib/gcc/arm-none-eabi/12.3.1/../../../../arm-none-eabi/lib/thumb/v7e-m+fp/hard\libc_nano.a(libc_a-exit.o) (__stdio_exit_handler)
D:/ProgramFiles/ST/STM32CubeIDE_1.16.1/STM32CubeIDE/plugins/com.st.stm32cube.ide.mcu.externaltools.gnu-tools-for-stm32.12.3.rel1.win32_1.0.200.202406191623/tools/bin/../lib/gcc/arm-none-eabi/12.3.1/../../../../arm-none-eabi/lib/thumb/v7e-m+fp/hard\libc_nano.a(libc_a-fwalk.o)
                              D:/ProgramFiles/ST/STM32CubeIDE_1.16.1/STM32CubeIDE/plugins/com.st.stm32cube.ide.mcu.externaltools.gnu-tools-for-stm32.12.3.rel1.win32_1.0.200.202406191623/tools/bin/../lib/gcc/arm-none-eabi/12.3.1/../../../../arm-none-eabi/lib/thumb/v7e-m+fp/hard\libc_nano.a(libc_a-findfp.o) (_fwalk_sglue)
D:/ProgramFiles/ST/STM32CubeIDE_1.16.1/STM32CubeIDE/plugins/com.st.stm32cube.ide.mcu.externaltools.gnu-tools-for-stm32.12.3.rel1.win32_1.0.200.202406191623/tools/bin/../lib/gcc/arm-none-eabi/12.3.1/../../../../arm-none-eabi/lib/thumb/v7e-m+fp/hard\libc_nano.a(libc_a-sprintf.o)
                              ./Core/Src/esp_process.o (sprintf)
D:/ProgramFiles/ST/STM32CubeIDE_1.16.1/STM32CubeIDE/plugins/com.st.stm32cube.ide.mcu.externaltools.gnu-tools-for-stm32.12.3.rel1.win32_1.0.200.202406191623/tools/bin/../lib/gcc/arm-none-eabi/12.3.1/../../../../arm-none-eabi/lib/thumb/v7e-m+fp/hard\libc_nano.a(libc_a-stdio.o)
                              D:/ProgramFiles/ST/STM32CubeIDE_1.16.1/STM32CubeIDE/plugins/com.st.stm32cube.ide.mcu.externaltools.gnu-tools-for-stm32.12.3.rel1.win32_1.0.200.202406191623/tools/bin/../lib/gcc/arm-none-eabi/12.3.1/../../../../arm-none-eabi/lib/thumb/v7e-m+fp/hard\libc_nano.a(libc_a-findfp.o) (__sread)
D:/ProgramFiles/ST/STM32CubeIDE_1.16.1/STM32CubeIDE/plugins/com.st.stm32cube.ide.mcu.externaltools.gnu-tools-for-stm32.12.3.rel1.win32_1.0.200.202406191623/tools/bin/../lib/gcc/arm-none-eabi/12.3.1/../../../../arm-none-eabi/lib/thumb/v7e-m+fp/hard\libc_nano.a(libc_a-memset.o)
                              D:/ProgramFiles/ST/STM32CubeIDE_1.16.1/STM32CubeIDE/plugins/com.st.stm32cube.ide.mcu.externaltools.gnu-tools-for-stm32.12.3.rel1.win32_1.0.200.202406191623/tools/bin/../lib/gcc/arm-none-eabi/12.3.1/../../../../arm-none-eabi/lib/thumb/v7e-m+fp/hard/crt0.o (memset)
D:/ProgramFiles/ST/STM32CubeIDE_1.16.1/STM32CubeIDE/plugins/com.st.stm32cube.ide.mcu.externaltools.gnu-tools-for-stm32.12.3.rel1.win32_1.0.200.202406191623/tools/bin/../lib/gcc/arm-none-eabi/12.3.1/../../../../arm-none-eabi/lib/thumb/v7e-m+fp/hard\libc_nano.a(libc_a-closer.o)
                              D:/ProgramFiles/ST/STM32CubeIDE_1.16.1/STM32CubeIDE/plugins/com.st.stm32cube.ide.mcu.externaltools.gnu-tools-for-stm32.12.3.rel1.win32_1.0.200.202406191623/tools/bin/../lib/gcc/arm-none-eabi/12.3.1/../../../../arm-none-eabi/lib/thumb/v7e-m+fp/hard\libc_nano.a(libc_a-stdio.o) (_close_r)
D:/ProgramFiles/ST/STM32CubeIDE_1.16.1/STM32CubeIDE/plugins/com.st.stm32cube.ide.mcu.externaltools.gnu-tools-for-stm32.12.3.rel1.win32_1.0.200.202406191623/tools/bin/../lib/gcc/arm-none-eabi/12.3.1/../../../../arm-none-eabi/lib/thumb/v7e-m+fp/hard\libc_nano.a(libc_a-reent.o)
                              D:/ProgramFiles/ST/STM32CubeIDE_1.16.1/STM32CubeIDE/plugins/com.st.stm32cube.ide.mcu.externaltools.gnu-tools-for-stm32.12.3.rel1.win32_1.0.200.202406191623/tools/bin/../lib/gcc/arm-none-eabi/12.3.1/../../../../arm-none-eabi/lib/thumb/v7e-m+fp/hard\libc_nano.a(libc_a-closer.o) (errno)
D:/ProgramFiles/ST/STM32CubeIDE_1.16.1/STM32CubeIDE/plugins/com.st.stm32cube.ide.mcu.externaltools.gnu-tools-for-stm32.12.3.rel1.win32_1.0.200.202406191623/tools/bin/../lib/gcc/arm-none-eabi/12.3.1/../../../../arm-none-eabi/lib/thumb/v7e-m+fp/hard\libc_nano.a(libc_a-impure.o)
[...]
Memory Configuration

Name             Origin             Length             Attributes
CCMRAM           0x10000000         0x00010000         xrw
RAM              0x20000000         0x00020000         xrw
FLASH            0x08000000         0x00100000         xr
*default*        0x00000000         0xffffffff

Linker script and memory map

LOAD D:/ProgramFiles/ST/STM32CubeIDE_1.16.1/STM32CubeIDE/plugins/com.st.stm32cube.ide.mcu.externaltools.gnu-tools-for-stm32.12.3.rel1.win32_1.0.200.202406191623/tools/bin/../lib/gcc/arm-none-eabi/12.3.1/thumb/v7e-m+fp/hard/crti.o
LOAD D:/ProgramFiles/ST/STM32CubeIDE_1.16.1/STM32CubeIDE/plugins/com.st.stm32cube.ide.mcu.externaltools.gnu-tools-for-stm32.12.3.rel1.win32_1.0.200.202406191623/tools/bin/../lib/gcc/arm-none-eabi/12.3.1/thumb/v7e-m+fp/hard/crtbegin.o
LOAD D:/ProgramFiles/ST/STM32CubeIDE_1.16.1/STM32CubeIDE/plugins/com.st.stm32cube.ide.mcu.externaltools.gnu-tools-for-stm32.12.3.rel1.win32_1.0.200.202406191623/tools/bin/../lib/gcc/arm-none-eabi/12.3.1/../../../../arm-none-eabi/lib/thumb/v7e-m+fp/hard/crt0.o
LOAD ./Core/Src/adc.o
LOAD ./Core/Src/at24c.o
LOAD ./Core/Src/dma.o
LOAD ./Core/Src/ds3231.o
LOAD ./Core/Src/esp_process.o
LOAD ./Core/Src/fsmc.o
LOAD ./Core/Src/global.o
LOAD ./Core/Src/gpio.o
LOAD ./Core/Src/i2c.o
LOAD ./Core/Src/input_process.o
LOAD ./Core/Src/interface.o
LOAD ./Core/Src/lcd.o
LOAD ./Core/Src/main.o
LOAD ./Core/Src/sensor.o
LOAD ./Core/Src/software_timer.o
LOAD ./Core/Src/spi.o
LOAD ./Core/Src/stm32f4xx_hal_msp.o
LOAD ./Core/Src/stm32f4xx_it.o
LOAD ./Core/Src/syscalls.o
LOAD ./Core/Src/sysmem.o
LOAD ./Core/Src/system_stm32f4xx.o
LOAD ./Core/Src/tim.o
LOAD ./Core/Src/uart.o
LOAD ./Core/Src/usart.o
LOAD ./Core/Src/utils.o
LOAD ./Core/Startup/startup_stm32f407zgtx.o
LOAD ./Drivers/STM32F4xx_HAL_Driver/Src/stm32f4xx_hal.o
LOAD ./Drivers/STM32F4xx_HAL_Driver/Src/stm32f4xx_hal_adc.o
LOAD ./Drivers/STM32F4xx_HAL_Driver/Src/stm32f4xx_hal_adc_ex.o
LOAD ./Drivers/STM32F4xx_HAL_Driver/Src/stm32f4xx_hal_cortex.o
LOAD ./Drivers/STM32F4xx_HAL_Driver/Src/stm32f4xx_hal_dma.o
LOAD ./Drivers/STM32F4xx_HAL_Driver/Src/stm32f4xx_hal_dma_ex.o
LOAD ./Drivers/STM32F4xx_HAL_Driver/Src/stm32f4xx_hal_exti.o
LOAD ./Drivers/STM32F4xx_HAL_Driver/Src/stm32f4xx_hal_flash.o
LOAD ./Drivers/STM32F4xx_HAL_Driver/Src/stm32f4xx_hal_flash_ex.o
LOAD ./Drivers/STM32F4xx_HAL_Driver/Src/stm32f4xx_hal_flash_ramfunc.o
LOAD ./Drivers/STM32F4xx_HAL_Driver/Src/stm32f4xx_hal_gpio.o
LOAD ./Drivers/STM32F4xx_HAL_Driver/Src/stm32f4xx_hal_i2c.o
LOAD ./Drivers/STM32F4xx_HAL_Driver/Src/stm32f4xx_hal_i2c_ex.o
LOAD ./Drivers/STM32F4xx_HAL_Driver/Src/stm32f4xx_hal_pwr.o
LOAD ./Drivers/STM32F4xx_HAL_Driver/Src/stm32f4xx_hal_pwr_ex.o
LOAD ./Drivers/STM32F4xx_HAL_Driver/Src/stm32f4xx_hal_rcc.o
LOAD ./Drivers/STM32F4xx_HAL_Driver/Src/stm32f4xx_hal_rcc_ex.o
LOAD ./Drivers/STM32F4xx_HAL_Driver/Src/stm32f4xx_hal_spi.o
LOAD ./Drivers/STM32F4xx_HAL_Driver/Src/stm32f4xx_hal_sram.o
LOAD ./Drivers/STM32F4xx_HAL_Driver/Src/stm32f4xx_hal_tim.o
LOAD ./Drivers/STM32F4xx_HAL_Driver/Src/stm32f4xx_hal_tim_ex.o
LOAD ./Drivers/STM32F4xx_HAL_Driver/Src/stm32f4xx_hal_uart.o
LOAD ./Drivers/STM32F4xx_HAL_Driver/Src/stm32f4xx_ll_adc.o
LOAD ./Drivers/STM32F4xx_HAL_Driver/Src/stm32f4xx_ll_fsmc.o
START GROUP
LOAD D:/ProgramFiles/ST/STM32CubeIDE_1.16.1/STM32CubeIDE/plugins/com.st.stm32cube.ide.mcu.externaltools.gnu-tools-for-stm32.12.3.rel1.win32_1.0.200.202406191623/tools/bin/../lib/gcc/arm-none-eabi/12.3.1/../../../../arm-none-eabi/lib/thumb/v7e-m+fp/hard\libc_nano.a
LOAD D:/ProgramFiles/ST/STM32CubeIDE_1.16.1/STM32CubeIDE/plugins/com.st.stm32cube.ide.mcu.externaltools.gnu-tools-for-stm32.12.3.rel1.win32_1.0.200.202406191623/tools/bin/../lib/gcc/arm-none-eabi/12.3.1/../../../../arm-none-eabi/lib/thumb/v7e-m+fp/hard\libm.a
END GROUP
START GROUP
LOAD D:/ProgramFiles/ST/STM32CubeIDE_1.16.1/STM32CubeIDE/plugins/com.st.stm32cube.ide.mcu.externaltools.gnu-tools-for-stm32.12.3.rel1.win32_1.0.200.202406191623/tools/bin/../lib/gcc/arm-none-eabi/12.3.1/thumb/v7e-m+fp/hard\libgcc.a
LOAD D:/ProgramFiles/ST/STM32CubeIDE_1.16.1/STM32CubeIDE/plugins/com.st.stm32cube.ide.mcu.externaltools.gnu-tools-for-stm32.12.3.rel1.win32_1.0.200.202406191623/tools/bin/../lib/gcc/arm-none-eabi/12.3.1/../../../../arm-none-eabi/lib/thumb/v7e-m+fp/hard\libc_nano.a
END GROUP
START GROUP
LOAD D:/ProgramFiles/ST/STM32CubeIDE_1.16.1/STM32CubeIDE/plugins/com.st.stm32cube.ide.mcu.externaltools.gnu-tools-for-stm32.12.3.rel1.win32_1.0.200.202406191623/tools/bin/../lib/gcc/arm-none-eabi/12.3.1/thumb/v7e-m+fp/hard\libgcc.a
LOAD D:/ProgramFiles/ST/STM32CubeIDE_1.16.1/STM32CubeIDE/plugins/com.st.stm32cube.ide.mcu.externaltools.gnu-tools-for-stm32.12.3.rel1.win32_1.0.200.202406191623/tools/bin/../lib/gcc/arm-none-eabi/12.3.1/../../../../arm-none-eabi/lib/thumb/v7e-m+fp/hard\libc_nano.a
LOAD D:/ProgramFiles/ST/STM32CubeIDE_1.16.1/STM32CubeIDE/plugins/com.st.stm32cube.ide.mcu.externaltools.gnu-tools-for-stm32.12.3.rel1.win32_1.0.200.202406191623/tools/bin/../lib/gcc/arm-none-eabi/12.3.1/../../../../arm-none-eabi/lib/thumb/v7e-m+fp/hard\libnosys.a
END GROUP
START GROUP
LOAD D:/ProgramFiles/ST/STM32CubeIDE_1.16.1/STM32CubeIDE/plugins/com.st.stm32cube.ide.mcu.externaltools.gnu-tools-for-stm32.12.3.rel1.win32_1.0.200.202406191623/tools/bin/../lib/gcc/arm-none-eabi/12.3.1/thumb/v7e-m+fp/hard\libgcc.a
LOAD D:/ProgramFiles/ST/STM32CubeIDE_1.16.1/STM32CubeIDE/plugins/com.st.stm32cube.ide.mcu.externaltools.gnu-tools-for-stm32.12.3.rel1.win32_1.0.200.202406191623/tools/bin/../lib/gcc/arm-none-eabi/12.3.1/../../../../arm-none-eabi/lib/thumb/v7e-m+fp/hard\libc_nano.a
LOAD D:/ProgramFiles/ST/STM32CubeIDE_1.16.1/STM32CubeIDE/plugins/com.st.stm32cube.ide.mcu.externaltools.gnu-tools-for-stm32.12.3.rel1.win32_1.0.200.202406191623/tools/bin/../lib/gcc/arm-none-eabi/12.3.1/../../../../arm-none-eabi/lib/thumb/v7e-m+fp/hard\libnosys.a
END GROUP
LOAD D:/ProgramFiles/ST/STM32CubeIDE_1.16.1/STM32CubeIDE/plugins/com.st.stm32cube.ide.mcu.externaltools.gnu-tools-for-stm32.12.3.rel1.win32_1.0.200.202406191623/tools/bin/../lib/gcc/arm-none-eabi/12.3.1/thumb/v7e-m+fp/hard/crtend.o
LOAD D:/ProgramFiles/ST/STM32CubeIDE_1.16.1/STM32CubeIDE/plugins/com.st.stm32cube.ide.mcu.externaltools.gnu-tools-for-stm32.12.3.rel1.win32_1.0.200.202406191623/tools/bin/../lib/gcc/arm-none-eabi/12.3.1/thumb/v7e-m+fp/hard/crtn.o
                0x20020000                        _estack = (ORIGIN (RAM) + LENGTH (RAM))
                0x00000200                        _Min_Heap_Size = 0x200
                0x00000400                        _Min_Stack_Size = 0x400

.isr_vector     0x08000000      0x188
                0x08000000                        . = ALIGN (0x4)
 *(.isr_vector)
 .isr_vector    0x08000000      0x188 ./Core/Startup/startup_stm32f407zgtx.o
                0x08000000                g_pfnVectors
                0x08000188                        . = ALIGN (0x4)

.text           0x08000190     0x6fb0
                0x08000190                        . = ALIGN (0x4)
 *(.text)
 .text          0x08000190       0x40 D:/ProgramFiles/ST/STM32CubeIDE_1.16.1/STM32CubeIDE/plugins/com.st.stm32cube.ide.mcu.externaltools.gnu-tools-for-stm32.12.3.rel1.win32_1.0.200.202406191623/tools/bin/../lib/gcc/arm-none-eabi/12.3.1/thumb/v7e-m+fp/hard/crtbegin.o
 .text          0x080001d0       0x10 D:/ProgramFiles/ST/STM32CubeIDE_1.16.1/STM32CubeIDE/plugins/com.st.stm32cube.ide.mcu.externaltools.gnu-tools-for-stm32.12.3.rel1.win32_1.0.200.202406191623/tools/bin/../lib/gcc/arm-none-eabi/12.3.1/../../../../arm-none-eabi/lib/thumb/v7e-m+fp/hard\libc_nano.a(libc_a-strlen.o)
                0x080001d0                strlen
 .text          0x080001e0       0xa0 D:/ProgramFiles/ST/STM32CubeIDE_1.16.1/STM32CubeIDE/plugins/com.st.stm32cube.ide.mcu.externaltools.gnu-tools-for-stm32.12.3.rel1.win32_1.0.200.202406191623/tools/bin/../lib/gcc/arm-none-eabi/12.3.1/../../../../arm-none-eabi/lib/thumb/v7e-m+fp/hard\libc_nano.a(libc_a-memchr.o)
                0x080001e0                memchr
 .text          0x08000280       0x30 D:/ProgramFiles/ST/STM32CubeIDE_1.16.1/STM32CubeIDE/plugins/com.st.stm32cube.ide.mcu.externaltools.gnu-tools-for-stm32.12.3.rel1.win32_1.0.200.202406191623/tools/bin/../lib/gcc/arm-none-eabi/12.3.1/thumb/v7e-m+fp/hard\libgcc.a(_aeabi_uldivmod.o)
                0x08000280                __aeabi_uldivmod
 .text          0x080002b0      0x2bc D:/ProgramFiles/ST/STM32CubeIDE_1.16.1/STM32CubeIDE/plugins/com.st.stm32cube.ide.mcu.externaltools.gnu-tools-for-stm32.12.3.rel1.win32_1.0.200.202406191623/tools/bin/../lib/gcc/arm-none-eabi/12.3.1/thumb/v7e-m+fp/hard\libgcc.a(_udivmoddi4.o)
                0x080002b0                __udivmoddi4
 .text          0x0800056c        0x4 D:/ProgramFiles/ST/STM32CubeIDE_1.16.1/STM32CubeIDE/plugins/com.st.stm32cube.ide.mcu.externaltools.gnu-tools-for-stm32.12.3.rel1.win32_1.0.200.202406191623/tools/bin/../lib/gcc/arm-none-eabi/12.3.1/thumb/v7e-m+fp/hard\libgcc.a(_dvmd_tls.o)
                0x0800056c                __aeabi_idiv0
                0x0800056c                __aeabi_ldiv0
 *(.text*)
 .text.MX_ADC1_Init
                0x08000570      0x114 ./Core/Src/adc.o
                0x08000570                MX_ADC1_Init
 .text.MX_DMA_Init
                0x08000684       0x40 ./Core/Src/dma.o
                0x08000684                MX_DMA_Init
 .text.sensor_esp
                0x080006c4       0xbc ./Core/Src/esp_process.o
                0x080006c4                sensor_esp
 .text.MX_FSMC_Init
                0x08000780       0xf4 ./Core/Src/fsmc.o
                0x08000780                MX_FSMC_Init
 .text.MX_GPIO_Init
                0x08000874      0x25c ./Core/Src/gpio.o
                0x08000874                MX_GPIO_Init
 .text.MX_I2C1_Init
                0x08000ad0       0x5c ./Core/Src/i2c.o
                0x08000ad0                MX_I2C1_Init
 .text.update_temp
                0x08000b2c       0x20 ./Core/Src/input_process.o
                0x08000b2c                update_temp
 .text.init_lcd
                0x08000b4c       0x4c ./Core/Src/interface.o
                0x08000b4c                init_lcd
 .text.update_lcd
                0x08000b98       0x34 ./Core/Src/interface.o
                0x08000b98                update_lcd
 .text.LCD_WR_REG
                0x08000bcc       0x20 ./Core/Src/lcd.o
                0x08000bcc                LCD_WR_REG
 .text.LCD_WR_DATA
                0x08000bec       0x20 ./Core/Src/lcd.o
                0x08000bec                LCD_WR_DATA
 .text.LCD_RD_DATA
                0x08000c0c       0x24 ./Core/Src/lcd.o
                0x08000c0c                LCD_RD_DATA
 .text.lcd_AddressSet
                0x08000c30       0x98 ./Core/Src/lcd.o
                0x08000c30                lcd_AddressSet
 .text.lcd_Clear
                0x08000cc8       0x64 ./Core/Src/lcd.o
                0x08000cc8                lcd_Clear
 .text.lcd_DrawPoint
                0x08000d2c       0x2e ./Core/Src/lcd.o
                0x08000d2c                lcd_DrawPoint
 *fill*         0x08000d5a        0x2 
 .text.lcd_ShowChar
                0x08000d5c      0x1c0 ./Core/Src/lcd.o
                0x08000d5c                lcd_ShowChar
 .text.mypow    0x08000f1c       0x38 ./Core/Src/lcd.o
                0x08000f1c                mypow
 .text.lcd_ShowFloatNum
                0x08000f54      0x110 ./Core/Src/lcd.o
                0x08000f54                lcd_ShowFloatNum
 .text.lcd_SetDir
                0x08001064       0x48 ./Core/Src/lcd.o
                0x08001064                lcd_SetDir
 .text.lcd_init
                0x080010ac      0x2c0 ./Core/Src/lcd.o
                0x080010ac                lcd_init
 .text.lcd_ShowStr
                0x0800136c       0x9c ./Core/Src/lcd.o
                0x0800136c                lcd_ShowStr
 .text.main     0x08001408       0x74 ./Core/Src/main.o
                0x08001408                main
 .text.SystemClock_Config
                0x0800147c       0xd4 ./Core/Src/main.o
                0x0800147c                SystemClock_Config
 .text.system_init
                0x08001550       0x26 ./Core/Src/main.o
                0x08001550                system_init
 .text.Error_Handler
                0x08001576        0xc ./Core/Src/main.o
                0x08001576                Error_Handler
 *fill*         0x08001582        0x2 
 .text.sensor_init
                0x08001584       0x1c ./Core/Src/sensor.o
                0x08001584                sensor_init
 .text.sensor_Read
                0x080015a0       0x1c ./Core/Src/sensor.o
                0x080015a0                sensor_Read
 .text.sensor_GetTemperature
                0x080015bc       0x3c ./Core/Src/sensor.o
                0x080015bc                sensor_GetTemperature
 .text.timer_init
                0x080015f8       0x1c ./Core/Src/software_timer.o
                0x080015f8                timer_init
 .text.setTimer2
                0x08001614       0x38 ./Core/Src/software_timer.o
                0x08001614                setTimer2
 .text.setTimer3
                0x0800164c       0x38 ./Core/Src/software_timer.o
                0x0800164c                setTimer3
 .text.HAL_TIM_PeriodElapsedCallback
                0x08001684       0x8c ./Core/Src/software_timer.o
                0x08001684                HAL_TIM_PeriodElapsedCallback
 .text.MX_SPI1_Init
                0x08001710       0x6c ./Core/Src/spi.o
                0x08001710                MX_SPI1_Init
 .text.HAL_MspInit
                0x0800177c       0x50 ./Core/Src/stm32f4xx_hal_msp.o
                0x0800177c                HAL_MspInit
 .text.HAL_ADC_MspInit
                0x080017cc      0x128 ./Core/Src/stm32f4xx_hal_msp.o
                0x080017cc                HAL_ADC_MspInit
 .text.HAL_I2C_MspInit
                0x080018f4       0x90 ./Core/Src/stm32f4xx_hal_msp.o
                0x080018f4                HAL_I2C_MspInit
 .text.HAL_SPI_MspInit
                0x08001984       0x90 ./Core/Src/stm32f4xx_hal_msp.o
                0x08001984                HAL_SPI_MspInit
 .text.HAL_TIM_Base_MspInit
                0x08001a14       0xa4 ./Core/Src/stm32f4xx_hal_msp.o
                0x08001a14                HAL_TIM_Base_MspInit
 .text.HAL_TIM_MspPostInit
                0x08001ab8       0x74 ./Core/Src/stm32f4xx_hal_msp.o
                0x08001ab8                HAL_TIM_MspPostInit
 .text.HAL_UART_MspInit
                0x08001b2c      0x118 ./Core/Src/stm32f4xx_hal_msp.o
                0x08001b2c                HAL_UART_MspInit
 .text.HAL_FSMC_MspInit
                0x08001c44       0x98 ./Core/Src/stm32f4xx_hal_msp.o
 .text.HAL_SRAM_MspInit
                0x08001cdc       0x14 ./Core/Src/stm32f4xx_hal_msp.o
                0x08001cdc                HAL_SRAM_MspInit
 .text.NMI_Handler
                0x08001cf0        0x8 ./Core/Src/stm32f4xx_it.o
                0x08001cf0                NMI_Handler
 .text.HardFault_Handler
                0x08001cf8        0x8 ./Core/Src/stm32f4xx_it.o
                0x08001cf8                HardFault_Handler
 .text.MemManage_Handler
                0x08001d00        0x8 ./Core/Src/stm32f4xx_it.o
                0x08001d00                MemManage_Handler
 .text.BusFault_Handler
                0x08001d08        0x8 ./Core/Src/stm32f4xx_it.o
                0x08001d08                BusFault_Handler
 .text.UsageFault_Handler
                0x08001d10        0x8 ./Core/Src/stm32f4xx_it.o
                0x08001d10                UsageFault_Handler
 .text.SVC_Handler
                0x08001d18        0xe ./Core/Src/stm32f4xx_it.o
                0x08001d18                SVC_Handler
 .text.DebugMon_Handler
                0x08001d26        0xe ./Core/Src/stm32f4xx_it.o
                0x08001d26                DebugMon_Handler
 .text.PendSV_Handler
                0x08001d34        0xe ./Core/Src/stm32f4xx_it.o
                0x08001d34                PendSV_Handler
 .text.SysTick_Handler
                0x08001d42        0xc ./Core/Src/stm32f4xx_it.o
                0x08001d42                SysTick_Handler
 *fill*         0x08001d4e        0x2 
 .text.TIM2_IRQHandler
                0x08001d50       0x14 ./Core/Src/stm32f4xx_it.o
                0x08001d50                TIM2_IRQHandler
 .text.USART1_IRQHandler
                0x08001d64       0x14 ./Core/Src/stm32f4xx_it.o
                0x08001d64                USART1_IRQHandler
 .text.USART2_IRQHandler
                0x08001d78       0x14 ./Core/Src/stm32f4xx_it.o
                0x08001d78                USART2_IRQHandler
 .text.DMA2_Stream0_IRQHandler
                0x08001d8c       0x14 ./Core/Src/stm32f4xx_it.o
                0x08001d8c                DMA2_Stream0_IRQHandler
 .text._sbrk    0x08001da0       0x6c ./Core/Src/sysmem.o
                0x08001da0                _sbrk
 .text.SystemInit
                0x08001e0c       0x24 ./Core/Src/system_stm32f4xx.o
                0x08001e0c                SystemInit
 .text.MX_TIM1_Init
                0x08001e30       0xa0 ./Core/Src/tim.o
                0x08001e30                MX_TIM1_Init
 .text.MX_TIM2_Init
                0x08001ed0       0x98 ./Core/Src/tim.o
                0x08001ed0                MX_TIM2_Init
 .text.MX_TIM13_Init
                0x08001f68       0x9c ./Core/Src/tim.o
                0x08001f68                MX_TIM13_Init
 .text.uart_init_esp
                0x08002004       0x2c ./Core/Src/uart.o
                0x08002004                uart_init_esp
 .text.uart_EspSendBytes
                0x08002030       0x24 ./Core/Src/uart.o
                0x08002030                uart_EspSendBytes
 .text.HAL_UART_RxCpltCallback
                0x08002054       0x70 ./Core/Src/uart.o
                0x08002054                HAL_UART_RxCpltCallback
 .text.MX_USART1_UART_Init
                0x080020c4       0x54 ./Core/Src/usart.o
                0x080020c4                MX_USART1_UART_Init
 .text.MX_USART2_UART_Init
                0x08002118       0x54 ./Core/Src/usart.o
                0x08002118                MX_USART2_UART_Init
 .text.Reset_Handler
                0x0800216c       0x50 ./Core/Startup/startup_stm32f407zgtx.o
                0x0800216c                Reset_Handler
 .text.Default_Handler
                0x080021bc        0x2 ./Core/Startup/startup_stm32f407zgtx.o
                0x080021bc                RTC_Alarm_IRQHandler
                0x080021bc                HASH_RNG_IRQHandler
                0x080021bc                EXTI2_IRQHandler
                0x080021bc                TIM8_CC_IRQHandler
                0x080021bc                TIM1_CC_IRQHandler
                0x080021bc                DMA2_Stream5_IRQHandler
                0x080021bc                DMA1_Stream5_IRQHandler
                0x080021bc                PVD_IRQHandler
                0x080021bc                SDIO_IRQHandler
                0x080021bc                TAMP_STAMP_IRQHandler
                0x080021bc                CAN2_RX1_IRQHandler
                0x080021bc                EXTI3_IRQHandler
                0x080021bc                TIM8_TRG_COM_TIM14_IRQHandler
                0x080021bc                TIM1_UP_TIM10_IRQHandler
                0x080021bc                TIM8_UP_TIM13_IRQHandler
                0x080021bc                I2C3_ER_IRQHandler
                0x080021bc                EXTI0_IRQHandler
                0x080021bc                I2C2_EV_IRQHandler
                0x080021bc                DMA1_Stream2_IRQHandler
                0x080021bc                CAN1_RX0_IRQHandler
                0x080021bc                FPU_IRQHandler
                0x080021bc                OTG_HS_WKUP_IRQHandler
                0x080021bc                CAN2_SCE_IRQHandler
                0x080021bc                DMA2_Stream2_IRQHandler
                0x080021bc                SPI1_IRQHandler
                0x080021bc                TIM6_DAC_IRQHandler
                0x080021bc                TIM1_BRK_TIM9_IRQHandler
                0x080021bc                DCMI_IRQHandler
                0x080021bc                CAN2_RX0_IRQHandler
                0x080021bc                DMA2_Stream3_IRQHandler
                0x080021bc                USART6_IRQHandler
                0x080021bc                USART3_IRQHandler
                0x080021bc                CAN1_RX1_IRQHandler
                0x080021bc                UART5_IRQHandler
                0x080021bc                TIM4_IRQHandler
                0x080021bc                I2C1_EV_IRQHandler
                0x080021bc                DMA1_Stream6_IRQHandler
                0x080021bc                DMA1_Stream1_IRQHandler
                0x080021bc                UART4_IRQHandler
                0x080021bc                TIM3_IRQHandler
                0x080021bc                RCC_IRQHandler
                0x080021bc                TIM8_BRK_TIM12_IRQHandler
                0x080021bc                Default_Handler
                0x080021bc                EXTI15_10_IRQHandler
                0x080021bc                ADC_IRQHandler
                0x080021bc                DMA1_Stream7_IRQHandler
                0x080021bc                TIM7_IRQHandler
                0x080021bc                CAN2_TX_IRQHandler
                0x080021bc                TIM5_IRQHandler
                0x080021bc                DMA2_Stream7_IRQHandler
                0x080021bc                I2C3_EV_IRQHandler
                0x080021bc                EXTI9_5_IRQHandler
                0x080021bc                RTC_WKUP_IRQHandler
                0x080021bc                ETH_WKUP_IRQHandler
                0x080021bc                SPI2_IRQHandler
                0x080021bc                OTG_HS_EP1_IN_IRQHandler
                0x080021bc                DMA1_Stream0_IRQHandler
                0x080021bc                CAN1_TX_IRQHandler
                0x080021bc                EXTI4_IRQHandler
                0x080021bc                FSMC_IRQHandler
                0x080021bc                ETH_IRQHandler
                0x080021bc                OTG_HS_EP1_OUT_IRQHandler
                0x080021bc                WWDG_IRQHandler
                0x080021bc                OTG_FS_WKUP_IRQHandler
                0x080021bc                TIM1_TRG_COM_TIM11_IRQHandler
                0x080021bc                OTG_HS_IRQHandler
                0x080021bc                EXTI1_IRQHandler
                0x080021bc                I2C2_ER_IRQHandler
                0x080021bc                DMA2_Stream1_IRQHandler
                0x080021bc                CAN1_SCE_IRQHandler
                0x080021bc                FLASH_IRQHandler
                0x080021bc                DMA2_Stream4_IRQHandler
                0x080021bc                OTG_FS_IRQHandler
                0x080021bc                SPI3_IRQHandler
                0x080021bc                DMA1_Stream4_IRQHandler
                0x080021bc                I2C1_ER_IRQHandler
                0x080021bc                DMA2_Stream6_IRQHandler
                0x080021bc                DMA1_Stream3_IRQHandler
 *fill*         0x080021be        0x2 
 .text.HAL_Init
                0x080021c0       0x44 ./Drivers/STM32F4xx_HAL_Driver/Src/stm32f4xx_hal.o
                0x080021c0                HAL_Init
 .text.HAL_InitTick
                0x08002204       0x60 ./Drivers/STM32F4xx_HAL_Driver/Src/stm32f4xx_hal.o
                0x08002204                HAL_InitTick
 .text.HAL_IncTick
                0x08002264       0x28 ./Drivers/STM32F4xx_HAL_Driver/Src/stm32f4xx_hal.o
                0x08002264                HAL_IncTick
 .text.HAL_GetTick
                0x0800228c       0x18 ./Drivers/STM32F4xx_HAL_Driver/Src/stm32f4xx_hal.o
                0x0800228c                HAL_GetTick
 .text.HAL_Delay
                0x080022a4       0x48 ./Drivers/STM32F4xx_HAL_Driver/Src/stm32f4xx_hal.o
                0x080022a4                HAL_Delay
 .text.HAL_ADC_Init
                0x080022ec       0x86 ./Drivers/STM32F4xx_HAL_Driver/Src/stm32f4xx_hal_adc.o
                0x080022ec                HAL_ADC_Init
 *fill*         0x08002372        0x2 
 .text.HAL_ADC_Start_DMA
                0x08002374      0x220 ./Drivers/STM32F4xx_HAL_Driver/Src/stm32f4xx_hal_adc.o
                0x08002374                HAL_ADC_Start_DMA
 .text.HAL_ADC_ConvCpltCallback
                0x08002594       0x14 ./Drivers/STM32F4xx_HAL_Driver/Src/stm32f4xx_hal_adc.o
                0x08002594                HAL_ADC_ConvCpltCallback
 .text.HAL_ADC_ConvHalfCpltCallback
                0x080025a8       0x14 ./Drivers/STM32F4xx_HAL_Driver/Src/stm32f4xx_hal_adc.o
                0x080025a8                HAL_ADC_ConvHalfCpltCallback
 .text.HAL_ADC_ErrorCallback
                0x080025bc       0x14 ./Drivers/STM32F4xx_HAL_Driver/Src/stm32f4xx_hal_adc.o
                0x080025bc                HAL_ADC_ErrorCallback
 .text.HAL_ADC_ConfigChannel
                0x080025d0      0x244 ./Drivers/STM32F4xx_HAL_Driver/Src/stm32f4xx_hal_adc.o
                0x080025d0                HAL_ADC_ConfigChannel
 .text.ADC_Init
                0x08002814      0x1f8 ./Drivers/STM32F4xx_HAL_Driver/Src/stm32f4xx_hal_adc.o
 .text.ADC_DMAConvCplt
                0x08002a0c       0xba ./Drivers/STM32F4xx_HAL_Driver/Src/stm32f4xx_hal_adc.o
 .text.ADC_DMAHalfConvCplt
                0x08002ac6       0x1c ./Drivers/STM32F4xx_HAL_Driver/Src/stm32f4xx_hal_adc.o
 .text.ADC_DMAError
                0x08002ae2       0x2e ./Drivers/STM32F4xx_HAL_Driver/Src/stm32f4xx_hal_adc.o
 .text.__NVIC_SetPriorityGrouping
                0x08002b10       0x48 ./Drivers/STM32F4xx_HAL_Driver/Src/stm32f4xx_hal_cortex.o
 .text.__NVIC_GetPriorityGrouping
                0x08002b58       0x1c ./Drivers/STM32F4xx_HAL_Driver/Src/stm32f4xx_hal_cortex.o
 .text.__NVIC_EnableIRQ
                0x08002b74       0x3c ./Drivers/STM32F4xx_HAL_Driver/Src/stm32f4xx_hal_cortex.o
 .text.__NVIC_SetPriority
                0x08002bb0       0x54 ./Drivers/STM32F4xx_HAL_Driver/Src/stm32f4xx_hal_cortex.o
 .text.NVIC_EncodePriority
                0x08002c04       0x66 ./Drivers/STM32F4xx_HAL_Driver/Src/stm32f4xx_hal_cortex.o
 *fill*         0x08002c6a        0x2 
 .text.SysTick_Config
                0x08002c6c       0x44 ./Drivers/STM32F4xx_HAL_Driver/Src/stm32f4xx_hal_cortex.o
 .text.HAL_NVIC_SetPriorityGrouping
                0x08002cb0       0x16 ./Drivers/STM32F4xx_HAL_Driver/Src/stm32f4xx_hal_cortex.o
                0x08002cb0                HAL_NVIC_SetPriorityGrouping
 .text.HAL_NVIC_SetPriority
                0x08002cc6       0x38 ./Drivers/STM32F4xx_HAL_Driver/Src/stm32f4xx_hal_cortex.o
                0x08002cc6                HAL_NVIC_SetPriority
 .text.HAL_NVIC_EnableIRQ
                0x08002cfe       0x1c ./Drivers/STM32F4xx_HAL_Driver/Src/stm32f4xx_hal_cortex.o
                0x08002cfe                HAL_NVIC_EnableIRQ
 .text.HAL_SYSTICK_Config
                0x08002d1a       0x18 ./Drivers/STM32F4xx_HAL_Driver/Src/stm32f4xx_hal_cortex.o
                0x08002d1a                HAL_SYSTICK_Config
 *fill*         0x08002d32        0x2 
 .text.HAL_DMA_Init
                0x08002d34      0x15c ./Drivers/STM32F4xx_HAL_Driver/Src/stm32f4xx_hal_dma.o
                0x08002d34                HAL_DMA_Init
 .text.HAL_DMA_Start_IT
                0x08002e90       0xb0 ./Drivers/STM32F4xx_HAL_Driver/Src/stm32f4xx_hal_dma.o
                0x08002e90                HAL_DMA_Start_IT
 .text.HAL_DMA_Abort
                0x08002f40       0xe0 ./Drivers/STM32F4xx_HAL_Driver/Src/stm32f4xx_hal_dma.o
                0x08002f40                HAL_DMA_Abort
 .text.HAL_DMA_Abort_IT
                0x08003020       0x44 ./Drivers/STM32F4xx_HAL_Driver/Src/stm32f4xx_hal_dma.o
                0x08003020                HAL_DMA_Abort_IT
 .text.HAL_DMA_IRQHandler
                0x08003064      0x314 ./Drivers/STM32F4xx_HAL_Driver/Src/stm32f4xx_hal_dma.o
                0x08003064                HAL_DMA_IRQHandler
 .text.DMA_SetConfig
                0x08003378       0x5c ./Drivers/STM32F4xx_HAL_Driver/Src/stm32f4xx_hal_dma.o
 .text.DMA_CalcBaseAndBitshift
                0x080033d4       0x6c ./Drivers/STM32F4xx_HAL_Driver/Src/stm32f4xx_hal_dma.o
 .text.DMA_CheckFifoParam
                0x08003440       0xf8 ./Drivers/STM32F4xx_HAL_Driver/Src/stm32f4xx_hal_dma.o
 .text.HAL_GPIO_Init
                0x08003538      0x338 ./Drivers/STM32F4xx_HAL_Driver/Src/stm32f4xx_hal_gpio.o
                0x08003538                HAL_GPIO_Init
 .text.HAL_GPIO_WritePin
                0x08003870       0x32 ./Drivers/STM32F4xx_HAL_Driver/Src/stm32f4xx_hal_gpio.o
                0x08003870                HAL_GPIO_WritePin
 *fill*         0x080038a2        0x2 
 .text.HAL_I2C_Init
                0x080038a4      0x288 ./Drivers/STM32F4xx_HAL_Driver/Src/stm32f4xx_hal_i2c.o
                0x080038a4                HAL_I2C_Init
 .text.HAL_RCC_OscConfig
                0x08003b2c      0x4f0 ./Drivers/STM32F4xx_HAL_Driver/Src/stm32f4xx_hal_rcc.o
                0x08003b2c                HAL_RCC_OscConfig
 .text.HAL_RCC_ClockConfig
                0x0800401c      0x1cc ./Drivers/STM32F4xx_HAL_Driver/Src/stm32f4xx_hal_rcc.o
                0x0800401c                HAL_RCC_ClockConfig
 .text.HAL_RCC_GetSysClockFreq
                0x080041e8      0x20c ./Drivers/STM32F4xx_HAL_Driver/Src/stm32f4xx_hal_rcc.o
                0x080041e8                HAL_RCC_GetSysClockFreq
 .text.HAL_RCC_GetHCLKFreq
                0x080043f4       0x18 ./Drivers/STM32F4xx_HAL_Driver/Src/stm32f4xx_hal_rcc.o
                0x080043f4                HAL_RCC_GetHCLKFreq
 .text.HAL_RCC_GetPCLK1Freq
                0x0800440c       0x28 ./Drivers/STM32F4xx_HAL_Driver/Src/stm32f4xx_hal_rcc.o
                0x0800440c                HAL_RCC_GetPCLK1Freq
 .text.HAL_RCC_GetPCLK2Freq
                0x08004434       0x28 ./Drivers/STM32F4xx_HAL_Driver/Src/stm32f4xx_hal_rcc.o
                0x08004434                HAL_RCC_GetPCLK2Freq
 .text.HAL_SPI_Init
                0x0800445c      0x112 ./Drivers/STM32F4xx_HAL_Driver/Src/stm32f4xx_hal_spi.o
                0x0800445c                HAL_SPI_Init
 .text.HAL_SRAM_Init
                0x0800456e       0x88 ./Drivers/STM32F4xx_HAL_Driver/Src/stm32f4xx_hal_sram.o
                0x0800456e                HAL_SRAM_Init
 .text.HAL_TIM_Base_Init
                0x080045f6       0x9e ./Drivers/STM32F4xx_HAL_Driver/Src/stm32f4xx_hal_tim.o
                0x080045f6                HAL_TIM_Base_Init
 .text.HAL_TIM_Base_Start
                0x08004694       0xd0 ./Drivers/STM32F4xx_HAL_Driver/Src/stm32f4xx_hal_tim.o
                0x08004694                HAL_TIM_Base_Start
 .text.HAL_TIM_Base_Start_IT
                0x08004764       0xe0 ./Drivers/STM32F4xx_HAL_Driver/Src/stm32f4xx_hal_tim.o
                0x08004764                HAL_TIM_Base_Start_IT
 .text.HAL_TIM_PWM_Init
                0x08004844       0x9e ./Drivers/STM32F4xx_HAL_Driver/Src/stm32f4xx_hal_tim.o
                0x08004844                HAL_TIM_PWM_Init
 .text.HAL_TIM_PWM_MspInit
                0x080048e2       0x14 ./Drivers/STM32F4xx_HAL_Driver/Src/stm32f4xx_hal_tim.o
                0x080048e2                HAL_TIM_PWM_MspInit
 .text.HAL_TIM_IRQHandler
                0x080048f6      0x210 ./Drivers/STM32F4xx_HAL_Driver/Src/stm32f4xx_hal_tim.o
                0x080048f6                HAL_TIM_IRQHandler
 *fill*         0x08004b06        0x2 
 .text.HAL_TIM_PWM_ConfigChannel
                0x08004b08      0x184 ./Drivers/STM32F4xx_HAL_Driver/Src/stm32f4xx_hal_tim.o
                0x08004b08                HAL_TIM_PWM_ConfigChannel
 .text.HAL_TIM_ConfigClockSource
                0x08004c8c      0x18e ./Drivers/STM32F4xx_HAL_Driver/Src/stm32f4xx_hal_tim.o
                0x08004c8c                HAL_TIM_ConfigClockSource
 .text.HAL_TIM_OC_DelayElapsedCallback
                0x08004e1a       0x14 ./Drivers/STM32F4xx_HAL_Driver/Src/stm32f4xx_hal_tim.o
                0x08004e1a                HAL_TIM_OC_DelayElapsedCallback
 .text.HAL_TIM_IC_CaptureCallback
                0x08004e2e       0x14 ./Drivers/STM32F4xx_HAL_Driver/Src/stm32f4xx_hal_tim.o
                0x08004e2e                HAL_TIM_IC_CaptureCallback
 .text.HAL_TIM_PWM_PulseFinishedCallback
                0x08004e42       0x14 ./Drivers/STM32F4xx_HAL_Driver/Src/stm32f4xx_hal_tim.o
                0x08004e42                HAL_TIM_PWM_PulseFinishedCallback
 .text.HAL_TIM_TriggerCallback
                0x08004e56       0x14 ./Drivers/STM32F4xx_HAL_Driver/Src/stm32f4xx_hal_tim.o
                0x08004e56                HAL_TIM_TriggerCallback
 *fill*         0x08004e6a        0x2 
 .text.TIM_Base_SetConfig
                0x08004e6c      0x140 ./Drivers/STM32F4xx_HAL_Driver/Src/stm32f4xx_hal_tim.o
                0x08004e6c                TIM_Base_SetConfig
 .text.TIM_OC1_SetConfig
                0x08004fac       0xe0 ./Drivers/STM32F4xx_HAL_Driver/Src/stm32f4xx_hal_tim.o
 .text.TIM_OC2_SetConfig
                0x0800508c       0xec ./Drivers/STM32F4xx_HAL_Driver/Src/stm32f4xx_hal_tim.o
                0x0800508c                TIM_OC2_SetConfig
 .text.TIM_OC3_SetConfig
                0x08005178       0xe8 ./Drivers/STM32F4xx_HAL_Driver/Src/stm32f4xx_hal_tim.o
 .text.TIM_OC4_SetConfig
                0x08005260       0xac ./Drivers/STM32F4xx_HAL_Driver/Src/stm32f4xx_hal_tim.o
 .text.TIM_TI1_ConfigInputStage
                0x0800530c       0x5e ./Drivers/STM32F4xx_HAL_Driver/Src/stm32f4xx_hal_tim.o
 .text.TIM_TI2_ConfigInputStage
                0x0800536a       0x60 ./Drivers/STM32F4xx_HAL_Driver/Src/stm32f4xx_hal_tim.o
 .text.TIM_ITRx_SetConfig
                0x080053ca       0x36 ./Drivers/STM32F4xx_HAL_Driver/Src/stm32f4xx_hal_tim.o
 .text.TIM_ETR_SetConfig
                0x08005400       0x40 ./Drivers/STM32F4xx_HAL_Driver/Src/stm32f4xx_hal_tim.o
                0x08005400                TIM_ETR_SetConfig
 .text.HAL_TIMEx_MasterConfigSynchronization
                0x08005440       0xf8 ./Drivers/STM32F4xx_HAL_Driver/Src/stm32f4xx_hal_tim_ex.o
                0x08005440                HAL_TIMEx_MasterConfigSynchronization
 .text.HAL_TIMEx_CommutCallback
                0x08005538       0x14 ./Drivers/STM32F4xx_HAL_Driver/Src/stm32f4xx_hal_tim_ex.o
                0x08005538                HAL_TIMEx_CommutCallback
 .text.HAL_TIMEx_BreakCallback
                0x0800554c       0x14 ./Drivers/STM32F4xx_HAL_Driver/Src/stm32f4xx_hal_tim_ex.o
                0x0800554c                HAL_TIMEx_BreakCallback
 .text.HAL_UART_Init
                0x08005560       0x9a ./Drivers/STM32F4xx_HAL_Driver/Src/stm32f4xx_hal_uart.o
                0x08005560                HAL_UART_Init
 .text.HAL_UART_Transmit
                0x080055fa      0x124 ./Drivers/STM32F4xx_HAL_Driver/Src/stm32f4xx_hal_uart.o
                0x080055fa                HAL_UART_Transmit
 .text.HAL_UART_Receive_IT
                0x0800571e       0x60 ./Drivers/STM32F4xx_HAL_Driver/Src/stm32f4xx_hal_uart.o
                0x0800571e                HAL_UART_Receive_IT
 *fill*         0x0800577e        0x2 
 .text.HAL_UART_IRQHandler
                0x08005780      0x51c ./Drivers/STM32F4xx_HAL_Driver/Src/stm32f4xx_hal_uart.o
                0x08005780                HAL_UART_IRQHandler
 .text.HAL_UART_TxCpltCallback
                0x08005c9c       0x14 ./Drivers/STM32F4xx_HAL_Driver/Src/stm32f4xx_hal_uart.o
                0x08005c9c                HAL_UART_TxCpltCallback
 .text.HAL_UART_ErrorCallback
                0x08005cb0       0x14 ./Drivers/STM32F4xx_HAL_Driver/Src/stm32f4xx_hal_uart.o
                0x08005cb0                HAL_UART_ErrorCallback
 .text.HAL_UARTEx_RxEventCallback
                0x08005cc4       0x18 ./Drivers/STM32F4xx_HAL_Driver/Src/stm32f4xx_hal_uart.o
                0x08005cc4                HAL_UARTEx_RxEventCallback
 .text.UART_WaitOnFlagUntilTimeout
                0x08005cdc       0xdc ./Drivers/STM32F4xx_HAL_Driver/Src/stm32f4xx_hal_uart.o
 .text.UART_Start_Receive_IT
                0x08005db8       0x74 ./Drivers/STM32F4xx_HAL_Driver/Src/stm32f4xx_hal_uart.o
                0x08005db8                UART_Start_Receive_IT
 .text.UART_EndRxTransfer
                0x08005e2c       0xc6 ./Drivers/STM32F4xx_HAL_Driver/Src/stm32f4xx_hal_uart.o
 .text.UART_DMAAbortOnError
                0x08005ef2       0x28 ./Drivers/STM32F4xx_HAL_Driver/Src/stm32f4xx_hal_uart.o
 .text.UART_Transmit_IT
                0x08005f1a       0xa0 ./Drivers/STM32F4xx_HAL_Driver/Src/stm32f4xx_hal_uart.o
 .text.UART_EndTransmit_IT
                0x08005fba       0x30 ./Drivers/STM32F4xx_HAL_Driver/Src/stm32f4xx_hal_uart.o
 .text.UART_Receive_IT
                0x08005fea      0x176 ./Drivers/STM32F4xx_HAL_Driver/Src/stm32f4xx_hal_uart.o
 .text.UART_SetConfig
                0x08006160      0x4e8 ./Drivers/STM32F4xx_HAL_Driver/Src/stm32f4xx_hal_uart.o
 .text.FSMC_NORSRAM_Init
                0x08006648       0xa4 ./Drivers/STM32F4xx_HAL_Driver/Src/stm32f4xx_ll_fsmc.o
                0x08006648                FSMC_NORSRAM_Init
 .text.FSMC_NORSRAM_Timing_Init
                0x080066ec       0x7a ./Drivers/STM32F4xx_HAL_Driver/Src/stm32f4xx_ll_fsmc.o
                0x080066ec                FSMC_NORSRAM_Timing_Init
 *fill*         0x08006766        0x2 
 .text.FSMC_NORSRAM_Extended_Timing_Init
                0x08006768       0x80 ./Drivers/STM32F4xx_HAL_Driver/Src/stm32f4xx_ll_fsmc.o
                0x08006768                FSMC_NORSRAM_Extended_Timing_Init
 .text.sprintf  0x080067e8       0x40 D:/ProgramFiles/ST/STM32CubeIDE_1.16.1/STM32CubeIDE/plugins/com.st.stm32cube.ide.mcu.externaltools.gnu-tools-for-stm32.12.3.rel1.win32_1.0.200.202406191623/tools/bin/../lib/gcc/arm-none-eabi/12.3.1/../../../../arm-none-eabi/lib/thumb/v7e-m+fp/hard\libc_nano.a(libc_a-sprintf.o)
                0x080067e8                siprintf
                0x080067e8                sprintf
 .text.memset   0x08006828       0x10 D:/ProgramFiles/ST/STM32CubeIDE_1.16.1/STM32CubeIDE/plugins/com.st.stm32cube.ide.mcu.externaltools.gnu-tools-for-stm32.12.3.rel1.win32_1.0.200.202406191623/tools/bin/../lib/gcc/arm-none-eabi/12.3.1/../../../../arm-none-eabi/lib/thumb/v7e-m+fp/hard\libc_nano.a(libc_a-memset.o)
                0x08006828                memset
 .text.__errno  0x08006838        0xc D:/ProgramFiles/ST/STM32CubeIDE_1.16.1/STM32CubeIDE/plugins/com.st.stm32cube.ide.mcu.externaltools.gnu-tools-for-stm32.12.3.rel1.win32_1.0.200.202406191623/tools/bin/../lib/gcc/arm-none-eabi/12.3.1/../../../../arm-none-eabi/lib/thumb/v7e-m+fp/hard\libc_nano.a(libc_a-errno.o)
                0x08006838                __errno
 .text.__libc_init_array
                0x08006844       0x48 D:/ProgramFiles/ST/STM32CubeIDE_1.16.1/STM32CubeIDE/plugins/com.st.stm32cube.ide.mcu.externaltools.gnu-tools-for-stm32.12.3.rel1.win32_1.0.200.202406191623/tools/bin/../lib/gcc/arm-none-eabi/12.3.1/../../../../arm-none-eabi/lib/thumb/v7e-m+fp/hard\libc_nano.a(libc_a-init.o)
                0x08006844                __libc_init_array
 .text.__retarget_lock_acquire_recursive
                0x0800688c        0x2 D:/ProgramFiles/ST/STM32CubeIDE_1.16.1/STM32CubeIDE/plugins/com.st.stm32cube.ide.mcu.externaltools.gnu-tools-for-stm32.12.3.rel1.win32_1.0.200.202406191623/tools/bin/../lib/gcc/arm-none-eabi/12.3.1/../../../../arm-none-eabi/lib/thumb/v7e-m+fp/hard\libc_nano.a(libc_a-lock.o)
                0x0800688c                __retarget_lock_acquire_recursive
 .text.__retarget_lock_release_recursive
                0x0800688e        0x2 D:/ProgramFiles/ST/STM32CubeIDE_1.16.1/STM32CubeIDE/plugins/com.st.stm32cube.ide.mcu.externaltools.gnu-tools-for-stm32.12.3.rel1.win32_1.0.200.202406191623/tools/bin/../lib/gcc/arm-none-eabi/12.3.1/../../../../arm-none-eabi/lib/thumb/v7e-m+fp/hard\libc_nano.a(libc_a-lock.o)
                0x0800688e                __retarget_lock_release_recursive
 .text._free_r  0x08006890       0x94 D:/ProgramFiles/ST/STM32CubeIDE_1.16.1/STM32CubeIDE/plugins/com.st.stm32cube.ide.mcu.externaltools.gnu-tools-for-stm32.12.3.rel1.win32_1.0.200.202406191623/tools/bin/../lib/gcc/arm-none-eabi/12.3.1/../../../../arm-none-eabi/lib/thumb/v7e-m+fp/hard\libc_nano.a(libc_a-freer.o)
                0x08006890                _free_r
 .text.sbrk_aligned
                0x08006924       0x44 D:/ProgramFiles/ST/STM32CubeIDE_1.16.1/STM32CubeIDE/plugins/com.st.stm32cube.ide.mcu.externaltools.gnu-tools-for-stm32.12.3.rel1.win32_1.0.200.202406191623/tools/bin/../lib/gcc/arm-none-eabi/12.3.1/../../../../arm-none-eabi/lib/thumb/v7e-m+fp/hard\libc_nano.a(libc_a-mallocr.o)
 .text._malloc_r
                0x08006968      0x100 D:/ProgramFiles/ST/STM32CubeIDE_1.16.1/STM32CubeIDE/plugins/com.st.stm32cube.ide.mcu.externaltools.gnu-tools-for-stm32.12.3.rel1.win32_1.0.200.202406191623/tools/bin/../lib/gcc/arm-none-eabi/12.3.1/../../../../arm-none-eabi/lib/thumb/v7e-m+fp/hard\libc_nano.a(libc_a-mallocr.o)
                0x08006968                _malloc_r
 .text.__malloc_lock
                0x08006a68        0xc D:/ProgramFiles/ST/STM32CubeIDE_1.16.1/STM32CubeIDE/plugins/com.st.stm32cube.ide.mcu.externaltools.gnu-tools-for-stm32.12.3.rel1.win32_1.0.200.202406191623/tools/bin/../lib/gcc/arm-none-eabi/12.3.1/../../../../arm-none-eabi/lib/thumb/v7e-m+fp/hard\libc_nano.a(libc_a-mlock.o)
                0x08006a68                __malloc_lock
 .text.__malloc_unlock
                0x08006a74        0xc D:/ProgramFiles/ST/STM32CubeIDE_1.16.1/STM32CubeIDE/plugins/com.st.stm32cube.ide.mcu.externaltools.gnu-tools-for-stm32.12.3.rel1.win32_1.0.200.202406191623/tools/bin/../lib/gcc/arm-none-eabi/12.3.1/../../../../arm-none-eabi/lib/thumb/v7e-m+fp/hard\libc_nano.a(libc_a-mlock.o)
                0x08006a74                __malloc_unlock
 .text.__ssputs_r
                0x08006a80       0xb6 D:/ProgramFiles/ST/STM32CubeIDE_1.16.1/STM32CubeIDE/plugins/com.st.stm32cube.ide.mcu.externaltools.gnu-tools-for-stm32.12.3.rel1.win32_1.0.200.202406191623/tools/bin/../lib/gcc/arm-none-eabi/12.3.1/../../../../arm-none-eabi/lib/thumb/v7e-m+fp/hard\libc_nano.a(libc_a-nano-svfprintf.o)
                0x08006a80                __ssputs_r
 *fill*         0x08006b36        0x2 
 .text._svfprintf_r
                0x08006b38      0x1f8 D:/ProgramFiles/ST/STM32CubeIDE_1.16.1/STM32CubeIDE/plugins/com.st.stm32cube.ide.mcu.externaltools.gnu-tools-for-stm32.12.3.rel1.win32_1.0.200.202406191623/tools/bin/../lib/gcc/arm-none-eabi/12.3.1/../../../../arm-none-eabi/lib/thumb/v7e-m+fp/hard\libc_nano.a(libc_a-nano-svfprintf.o)
                0x08006b38                _svfiprintf_r
                0x08006b38                _svfprintf_r
 .text._printf_common
                0x08006d30       0xda D:/ProgramFiles/ST/STM32CubeIDE_1.16.1/STM32CubeIDE/plugins/com.st.stm32cube.ide.mcu.externaltools.gnu-tools-for-stm32.12.3.rel1.win32_1.0.200.202406191623/tools/bin/../lib/gcc/arm-none-eabi/12.3.1/../../../../arm-none-eabi/lib/thumb/v7e-m+fp/hard\libc_nano.a(libc_a-nano-vfprintf_i.o)
                0x08006d30                _printf_common
 *fill*         0x08006e0a        0x2 
 .text._printf_i
                0x08006e0c      0x240 D:/ProgramFiles/ST/STM32CubeIDE_1.16.1/STM32CubeIDE/plugins/com.st.stm32cube.ide.mcu.externaltools.gnu-tools-for-stm32.12.3.rel1.win32_1.0.200.202406191623/tools/bin/../lib/gcc/arm-none-eabi/12.3.1/../../../../arm-none-eabi/lib/thumb/v7e-m+fp/hard\libc_nano.a(libc_a-nano-vfprintf_i.o)
                0x08006e0c                _printf_i
 .text.memmove  0x0800704c       0x34 D:/ProgramFiles/ST/STM32CubeIDE_1.16.1/STM32CubeIDE/plugins/com.st.stm32cube.ide.mcu.externaltools.gnu-tools-for-stm32.12.3.rel1.win32_1.0.200.202406191623/tools/bin/../lib/gcc/arm-none-eabi/12.3.1/../../../../arm-none-eabi/lib/thumb/v7e-m+fp/hard\libc_nano.a(libc_a-memmove.o)
                0x0800704c                memmove
 .text._sbrk_r  0x08007080       0x20 D:/ProgramFiles/ST/STM32CubeIDE_1.16.1/STM32CubeIDE/plugins/com.st.stm32cube.ide.mcu.externaltools.gnu-tools-for-stm32.12.3.rel1.win32_1.0.200.202406191623/tools/bin/../lib/gcc/arm-none-eabi/12.3.1/../../../../arm-none-eabi/lib/thumb/v7e-m+fp/hard\libc_nano.a(libc_a-sbrkr.o)
                0x08007080                _sbrk_r
 .text.memcpy   0x080070a0       0x1c D:/ProgramFiles/ST/STM32CubeIDE_1.16.1/STM32CubeIDE/plugins/com.st.stm32cube.ide.mcu.externaltools.gnu-tools-for-stm32.12.3.rel1.win32_1.0.200.202406191623/tools/bin/../lib/gcc/arm-none-eabi/12.3.1/../../../../arm-none-eabi/lib/thumb/v7e-m+fp/hard\libc_nano.a(libc_a-memcpy-stub.o)
                0x080070a0                memcpy
 .text._realloc_r
                0x080070bc       0x5c D:/ProgramFiles/ST/STM32CubeIDE_1.16.1/STM32CubeIDE/plugins/com.st.stm32cube.ide.mcu.externaltools.gnu-tools-for-stm32.12.3.rel1.win32_1.0.200.202406191623/tools/bin/../lib/gcc/arm-none-eabi/12.3.1/../../../../arm-none-eabi/lib/thumb/v7e-m+fp/hard\libc_nano.a(libc_a-reallocr.o)
                0x080070bc                _realloc_r
 .text._malloc_usable_size_r
                0x08007118       0x10 D:/ProgramFiles/ST/STM32CubeIDE_1.16.1/STM32CubeIDE/plugins/com.st.stm32cube.ide.mcu.externaltools.gnu-tools-for-stm32.12.3.rel1.win32_1.0.200.202406191623/tools/bin/../lib/gcc/arm-none-eabi/12.3.1/../../../../arm-none-eabi/lib/thumb/v7e-m+fp/hard\libc_nano.a(libc_a-msizer.o)
                0x08007118                _malloc_usable_size_r
 *(.glue_7)
 .glue_7        0x08007128        0x0 linker stubs
 *(.glue_7t)
 .glue_7t       0x08007128        0x0 linker stubs
 *(.eh_frame)
 .eh_frame      0x08007128        0x0 D:/ProgramFiles/ST/STM32CubeIDE_1.16.1/STM32CubeIDE/plugins/com.st.stm32cube.ide.mcu.externaltools.gnu-tools-for-stm32.12.3.rel1.win32_1.0.200.202406191623/tools/bin/../lib/gcc/arm-none-eabi/12.3.1/thumb/v7e-m+fp/hard/crtbegin.o
 *(.init)
 .init          0x08007128        0x4 D:/ProgramFiles/ST/STM32CubeIDE_1.16.1/STM32CubeIDE/plugins/com.st.stm32cube.ide.mcu.externaltools.gnu-tools-for-stm32.12.3.rel1.win32_1.0.200.202406191623/tools/bin/../lib/gcc/arm-none-eabi/12.3.1/thumb/v7e-m+fp/hard/crti.o
                0x08007128                _init
 .init          0x0800712c        0x8 D:/ProgramFiles/ST/STM32CubeIDE_1.16.1/STM32CubeIDE/plugins/com.st.stm32cube.ide.mcu.externaltools.gnu-tools-for-stm32.12.3.rel1.win32_1.0.200.202406191623/tools/bin/../lib/gcc/arm-none-eabi/12.3.1/thumb/v7e-m+fp/hard/crtn.o
 *(.fini)
 .fini          0x08007134        0x4 D:/ProgramFiles/ST/STM32CubeIDE_1.16.1/STM32CubeIDE/plugins/com.st.stm32cube.ide.mcu.externaltools.gnu-tools-for-stm32.12.3.rel1.win32_1.0.200.202406191623/tools/bin/../lib/gcc/arm-none-eabi/12.3.1/thumb/v7e-m+fp/hard/crti.o
                0x08007134                _fini
 .fini          0x08007138        0x8 D:/ProgramFiles/ST/STM32CubeIDE_1.16.1/STM32CubeIDE/plugins/com.st.stm32cube.ide.mcu.externaltools.gnu-tools-for-stm32.12.3.rel1.win32_1.0.200.202406191623/tools/bin/../lib/gcc/arm-none-eabi/12.3.1/thumb/v7e-m+fp/hard/crtn.o
                0x08007140                        . = ALIGN (0x4)
                0x08007140                        _etext = .

.vfp11_veneer   0x08007140        0x0
 .vfp11_veneer  0x08007140        0x0 linker stubs

.v4_bx          0x08007140        0x0
 .v4_bx         0x08007140        0x0 linker stubs

.iplt           0x08007140        0x0
 .iplt          0x08007140        0x0 D:/ProgramFiles/ST/STM32CubeIDE_1.16.1/STM32CubeIDE/plugins/com.st.stm32cube.ide.mcu.externaltools.gnu-tools-for-stm32.12.3.rel1.win32_1.0.200.202406191623/tools/bin/../lib/gcc/arm-none-eabi/12.3.1/thumb/v7e-m+fp/hard/crtbegin.o

.rodata         0x08007140     0x346c
                0x08007140                        . = ALIGN (0x4)
 *(.rodata)
 .rodata        0x08007140        0xf ./Core/Src/esp_process.o
 *fill*         0x0800714f        0x1 
 .rodata        0x08007150       0x13 ./Core/Src/interface.o
 *(.rodata*)
 *fill*         0x08007163        0x1 
 .rodata.ascii_1206
                0x08007164      0x474 ./Core/Src/lcd.o
                0x08007164                ascii_1206
 .rodata.ascii_1608
                0x080075d8      0x5f0 ./Core/Src/lcd.o
                0x080075d8                ascii_1608
 .rodata.ascii_2412
                0x08007bc8     0x11d0 ./Core/Src/lcd.o
                0x08007bc8                ascii_2412
 .rodata.ascii_3216
                0x08008d98     0x17c0 ./Core/Src/lcd.o
                0x08008d98                ascii_3216
 .rodata.AHBPrescTable
                0x0800a558       0x10 ./Core/Src/system_stm32f4xx.o
                0x0800a558                AHBPrescTable
 .rodata.APBPrescTable
                0x0800a568        0x8 ./Core/Src/system_stm32f4xx.o
                0x0800a568                APBPrescTable
 .rodata.flagBitshiftOffset.0
                0x0800a570        0x8 ./Drivers/STM32F4xx_HAL_Driver/Src/stm32f4xx_hal_dma.o
 .rodata._svfprintf_r.str1.1
                0x0800a578       0x11 D:/ProgramFiles/ST/STM32CubeIDE_1.16.1/STM32CubeIDE/plugins/com.st.stm32cube.ide.mcu.externaltools.gnu-tools-for-stm32.12.3.rel1.win32_1.0.200.202406191623/tools/bin/../lib/gcc/arm-none-eabi/12.3.1/../../../../arm-none-eabi/lib/thumb/v7e-m+fp/hard\libc_nano.a(libc_a-nano-svfprintf.o)
 .rodata._printf_i.str1.1
                0x0800a589       0x22 D:/ProgramFiles/ST/STM32CubeIDE_1.16.1/STM32CubeIDE/plugins/com.st.stm32cube.ide.mcu.externaltools.gnu-tools-for-stm32.12.3.rel1.win32_1.0.200.202406191623/tools/bin/../lib/gcc/arm-none-eabi/12.3.1/../../../../arm-none-eabi/lib/thumb/v7e-m+fp/hard\libc_nano.a(libc_a-nano-vfprintf_i.o)
                0x0800a5ac                        . = ALIGN (0x4)
 *fill*         0x0800a5ab        0x1 

.ARM.extab      0x0800a5ac        0x0
                0x0800a5ac                        . = ALIGN (0x4)
 *(.ARM.extab* .gnu.linkonce.armextab.*)
                0x0800a5ac                        . = ALIGN (0x4)

.ARM            0x0800a5ac        0x8
                0x0800a5ac                        . = ALIGN (0x4)
                0x0800a5ac                        __exidx_start = .
 *(.ARM.exidx*)
 .ARM.exidx     0x0800a5ac        0x8 D:/ProgramFiles/ST/STM32CubeIDE_1.16.1/STM32CubeIDE/plugins/com.st.stm32cube.ide.mcu.externaltools.gnu-tools-for-stm32.12.3.rel1.win32_1.0.200.202406191623/tools/bin/../lib/gcc/arm-none-eabi/12.3.1/../../../../arm-none-eabi/lib/thumb/v7e-m+fp/hard\libc_nano.a(libc_a-strlen.o)
 .ARM.exidx     0x0800a5b4        0x0 D:/ProgramFiles/ST/STM32CubeIDE_1.16.1/STM32CubeIDE/plugins/com.st.stm32cube.ide.mcu.externaltools.gnu-tools-for-stm32.12.3.rel1.win32_1.0.200.202406191623/tools/bin/../lib/gcc/arm-none-eabi/12.3.1/../../../../arm-none-eabi/lib/thumb/v7e-m+fp/hard\libc_nano.a(libc_a-memchr.o)
                                  0x8 (size before relaxing)
 .ARM.exidx     0x0800a5b4        0x0 D:/ProgramFiles/ST/STM32CubeIDE_1.16.1/STM32CubeIDE/plugins/com.st.stm32cube.ide.mcu.externaltools.gnu-tools-for-stm32.12.3.rel1.win32_1.0.200.202406191623/tools/bin/../lib/gcc/arm-none-eabi/12.3.1/thumb/v7e-m+fp/hard\libgcc.a(_udivmoddi4.o)
                                  0x8 (size before relaxing)
                0x0800a5b4                        __exidx_end = .
                0x0800a5b4                        . = ALIGN (0x4)

.rel.dyn        0x0800a5b4        0x0
 .rel.iplt      0x0800a5b4        0x0 D:/ProgramFiles/ST/STM32CubeIDE_1.16.1/STM32CubeIDE/plugins/com.st.stm32cube.ide.mcu.externaltools.gnu-tools-for-stm32.12.3.rel1.win32_1.0.200.202406191623/tools/bin/../lib/gcc/arm-none-eabi/12.3.1/thumb/v7e-m+fp/hard/crtbegin.o

.preinit_array  0x0800a5b4        0x0
                0x0800a5b4                        . = ALIGN (0x4)
                0x0800a5b4                        PROVIDE (__preinit_array_start = .)
 *(.preinit_array*)
                0x0800a5b4                        PROVIDE (__preinit_array_end = .)
                0x0800a5b4                        . = ALIGN (0x4)

.init_array     0x0800a5b4        0x4
                0x0800a5b4                        . = ALIGN (0x4)
                0x0800a5b4                        PROVIDE (__init_array_start = .)
 *(SORT_BY_NAME(.init_array.*))
 *(.init_array*)
 .init_array    0x0800a5b4        0x4 D:/ProgramFiles/ST/STM32CubeIDE_1.16.1/STM32CubeIDE/plugins/com.st.stm32cube.ide.mcu.externaltools.gnu-tools-for-stm32.12.3.rel1.win32_1.0.200.202406191623/tools/bin/../lib/gcc/arm-none-eabi/12.3.1/thumb/v7e-m+fp/hard/crtbegin.o
                0x0800a5b8                        PROVIDE (__init_array_end = .)
                0x0800a5b8                        . = ALIGN (0x4)

.fini_array     0x0800a5b8        0x4
                0x0800a5b8                        . = ALIGN (0x4)
                [!provide]                        PROVIDE (__fini_array_start = .)
 *(SORT_BY_NAME(.fini_array.*))
 *(.fini_array*)
 .fini_array    0x0800a5b8        0x4 D:/ProgramFiles/ST/STM32CubeIDE_1.16.1/STM32CubeIDE/plugins/com.st.stm32cube.ide.mcu.externaltools.gnu-tools-for-stm32.12.3.rel1.win32_1.0.200.202406191623/tools/bin/../lib/gcc/arm-none-eabi/12.3.1/thumb/v7e-m+fp/hard/crtbegin.o
                [!provide]                        PROVIDE (__fini_array_end = .)
                0x0800a5bc                        . = ALIGN (0x4)
                0x0800a5bc                        _sidata = LOADADDR (.data)

.data           0x20000000       0x60 load address 0x0800a5bc
                0x20000000                        . = ALIGN (0x4)
                0x20000000                        _sdata = .
 *(.data)
 *(.data*)
 .data.current_temp
                0x20000000        0x4 ./Core/Src/global.o
                0x20000000                current_temp
 .data.SystemCoreClock
                0x20000004        0x4 ./Core/Src/system_stm32f4xx.o
                0x20000004                SystemCoreClock
 .data.uwTickPrio
                0x20000008        0x4 ./Drivers/STM32F4xx_HAL_Driver/Src/stm32f4xx_hal.o
                0x20000008                uwTickPrio
 .data.uwTickFreq
                0x2000000c        0x1 ./Drivers/STM32F4xx_HAL_Driver/Src/stm32f4xx_hal.o
                0x2000000c                uwTickFreq
 *fill*         0x2000000d        0x3 
 .data._impure_ptr
                0x20000010        0x4 D:/ProgramFiles/ST/STM32CubeIDE_1.16.1/STM32CubeIDE/plugins/com.st.stm32cube.ide.mcu.externaltools.gnu-tools-for-stm32.12.3.rel1.win32_1.0.200.202406191623/tools/bin/../lib/gcc/arm-none-eabi/12.3.1/../../../../arm-none-eabi/lib/thumb/v7e-m+fp/hard\libc_nano.a(libc_a-impure.o)
                0x20000010                _impure_ptr
 .data._impure_data
                0x20000014       0x4c D:/ProgramFiles/ST/STM32CubeIDE_1.16.1/STM32CubeIDE/plugins/com.st.stm32cube.ide.mcu.externaltools.gnu-tools-for-stm32.12.3.rel1.win32_1.0.200.202406191623/tools/bin/../lib/gcc/arm-none-eabi/12.3.1/../../../../arm-none-eabi/lib/thumb/v7e-m+fp/hard\libc_nano.a(libc_a-impure.o)
                0x20000014                _impure_data
 *(.RamFunc)
 *(.RamFunc*)
                0x20000060                        . = ALIGN (0x4)
                0x20000060                        _edata = .
                0x0800a61c                        _siccmram = LOADADDR (.ccmram)

.igot.plt       0x20000060        0x0 load address 0x0800a61c
 .igot.plt      0x20000060        0x0 D:/ProgramFiles/ST/STM32CubeIDE_1.16.1/STM32CubeIDE/plugins/com.st.stm32cube.ide.mcu.externaltools.gnu-tools-for-stm32.12.3.rel1.win32_1.0.200.202406191623/tools/bin/../lib/gcc/arm-none-eabi/12.3.1/thumb/v7e-m+fp/hard/crtbegin.o

.ccmram         0x10000000        0x0 load address 0x0800a61c
                0x10000000                        . = ALIGN (0x4)
                0x10000000                        _sccmram = .
 *(.ccmram)
 *(.ccmram*)
                0x10000000                        . = ALIGN (0x4)
                0x10000000                        _eccmram = .
                0x10000000                        . = ALIGN (0x4)

.bss            0x20000060      0x4a0
                0x20000060                        _sbss = .
                0x20000060                        __bss_start__ = _sbss
 *(.bss)
 .bss           0x20000060       0x1c D:/ProgramFiles/ST/STM32CubeIDE_1.16.1/STM32CubeIDE/plugins/com.st.stm32cube.ide.mcu.externaltools.gnu-tools-for-stm32.12.3.rel1.win32_1.0.200.202406191623/tools/bin/../lib/gcc/arm-none-eabi/12.3.1/thumb/v7e-m+fp/hard/crtbegin.o
 *(.bss*)
 .bss.hadc1     0x2000007c       0x48 ./Core/Src/adc.o
                0x2000007c                hadc1
 .bss.tp        0x200000c4        0x4 ./Core/Src/esp_process.o
                0x200000c4                tp
 .bss.tp1       0x200000c8        0x1 ./Core/Src/esp_process.o
                0x200000c8                tp1
 .bss.tp2       0x200000c9        0x1 ./Core/Src/esp_process.o
                0x200000c9                tp2
 *fill*         0x200000ca        0x2 
 .bss.hsram1    0x200000cc       0x50 ./Core/Src/fsmc.o
                0x200000cc                hsram1
 .bss.hi2c1     0x2000011c       0x54 ./Core/Src/i2c.o
                0x2000011c                hi2c1
 .bss.lcddev    0x20000170        0x6 ./Core/Src/lcd.o
                0x20000170                lcddev
 *fill*         0x20000176        0x2 
 .bss.hdma_adc1
                0x20000178       0x60 ./Core/Src/main.o
                0x20000178                hdma_adc1
 .bss.adc_receive
                0x200001d8        0xa ./Core/Src/sensor.o
                0x200001d8                adc_receive
 .bss.flag_timer2
                0x200001e2        0x2 ./Core/Src/software_timer.o
                0x200001e2                flag_timer2
 .bss.timer2_counter
                0x200001e4        0x2 ./Core/Src/software_timer.o
                0x200001e4                timer2_counter
 .bss.timer2_MUL
                0x200001e6        0x2 ./Core/Src/software_timer.o
                0x200001e6                timer2_MUL
 .bss.flag_timer3
                0x200001e8        0x2 ./Core/Src/software_timer.o
                0x200001e8                flag_timer3
 .bss.timer3_counter
                0x200001ea        0x2 ./Core/Src/software_timer.o
                0x200001ea                timer3_counter
 .bss.timer3_MUL
                0x200001ec        0x2 ./Core/Src/software_timer.o
                0x200001ec                timer3_MUL
 *fill*         0x200001ee        0x2 
 .bss.hspi1     0x200001f0       0x58 ./Core/Src/spi.o
                0x200001f0                hspi1
 .bss.FSMC_Initialized
                0x20000248        0x4 ./Core/Src/stm32f4xx_hal_msp.o
 .bss.__sbrk_heap_end
                0x2000024c        0x4 ./Core/Src/sysmem.o
 .bss.htim1     0x20000250       0x48 ./Core/Src/tim.o
                0x20000250                htim1
 .bss.htim2     0x20000298       0x48 ./Core/Src/tim.o
                0x20000298                htim2
 .bss.htim13    0x200002e0       0x48 ./Core/Src/tim.o
                0x200002e0                htim13
 .bss.receive_buffer1
                0x20000328        0x1 ./Core/Src/uart.o
                0x20000328                receive_buffer1
 .bss.receive_buffer2
                0x20000329        0x1 ./Core/Src/uart.o
                0x20000329                receive_buffer2
 .bss.check_esp
                0x2000032a        0x1 ./Core/Src/uart.o
                0x2000032a                check_esp
 *fill*         0x2000032b        0x1 
 .bss.huart1    0x2000032c       0x44 ./Core/Src/usart.o
                0x2000032c                huart1
 .bss.huart2    0x20000370       0x44 ./Core/Src/usart.o
                0x20000370                huart2
 .bss.uwTick    0x200003b4        0x4 ./Drivers/STM32F4xx_HAL_Driver/Src/stm32f4xx_hal.o
                0x200003b4                uwTick
 .bss.__sf      0x200003b8      0x138 D:/ProgramFiles/ST/STM32CubeIDE_1.16.1/STM32CubeIDE/plugins/com.st.stm32cube.ide.mcu.externaltools.gnu-tools-for-stm32.12.3.rel1.win32_1.0.200.202406191623/tools/bin/../lib/gcc/arm-none-eabi/12.3.1/../../../../arm-none-eabi/lib/thumb/v7e-m+fp/hard\libc_nano.a(libc_a-findfp.o)
                0x200003b8                __sf
 .bss.errno     0x200004f0        0x4 D:/ProgramFiles/ST/STM32CubeIDE_1.16.1/STM32CubeIDE/plugins/com.st.stm32cube.ide.mcu.externaltools.gnu-tools-for-stm32.12.3.rel1.win32_1.0.200.202406191623/tools/bin/../lib/gcc/arm-none-eabi/12.3.1/../../../../arm-none-eabi/lib/thumb/v7e-m+fp/hard\libc_nano.a(libc_a-reent.o)
                0x200004f0                errno
 .bss.__lock___malloc_recursive_mutex
                0x200004f4        0x1 D:/ProgramFiles/ST/STM32CubeIDE_1.16.1/STM32CubeIDE/plugins/com.st.stm32cube.ide.mcu.externaltools.gnu-tools-for-stm32.12.3.rel1.win32_1.0.200.202406191623/tools/bin/../lib/gcc/arm-none-eabi/12.3.1/../../../../arm-none-eabi/lib/thumb/v7e-m+fp/hard\libc_nano.a(libc_a-lock.o)
                0x200004f4                __lock___malloc_recursive_mutex
 *fill*         0x200004f5        0x3 
 .bss.__malloc_sbrk_start
                0x200004f8        0x4 D:/ProgramFiles/ST/STM32CubeIDE_1.16.1/STM32CubeIDE/plugins/com.st.stm32cube.ide.mcu.externaltools.gnu-tools-for-stm32.12.3.rel1.win32_1.0.200.202406191623/tools/bin/../lib/gcc/arm-none-eabi/12.3.1/../../../../arm-none-eabi/lib/thumb/v7e-m+fp/hard\libc_nano.a(libc_a-mallocr.o)
                0x200004f8                __malloc_sbrk_start
 .bss.__malloc_free_list
                0x200004fc        0x4 D:/ProgramFiles/ST/STM32CubeIDE_1.16.1/STM32CubeIDE/plugins/com.st.stm32cube.ide.mcu.externaltools.gnu-tools-for-stm32.12.3.rel1.win32_1.0.200.202406191623/tools/bin/../lib/gcc/arm-none-eabi/12.3.1/../../../../arm-none-eabi/lib/thumb/v7e-m+fp/hard\libc_nano.a(libc_a-mallocr.o)
                0x200004fc                __malloc_free_list
 *(COMMON)
                0x20000500                        . = ALIGN (0x4)
                0x20000500                        _ebss = .
                0x20000500                        __bss_end__ = _ebss

._user_heap_stack
                0x20000500      0x600
                0x20000500                        . = ALIGN (0x8)
                [!provide]                        PROVIDE (end = .)
                0x20000500                        PROVIDE (_end = .)
                0x20000700                        . = (. + _Min_Heap_Size)
 *fill*         0x20000500      0x200 
                0x20000b00                        . = (. + _Min_Stack_Size)
 *fill*         0x20000700      0x400 
                0x20000b00                        . = ALIGN (0x8)

/DISCARD/
 libc.a(*)
 libm.a(*)
 libgcc.a(*)

.ARM.attributes
                0x00000000       0x30
 *(.ARM.attributes)
 .ARM.attributes
                0x00000000       0x22 D:/ProgramFiles/ST/STM32CubeIDE_1.16.1/STM32CubeIDE/plugins/com.st.stm32cube.ide.mcu.externaltools.gnu-tools-for-stm32.12.3.rel1.win32_1.0.200.202406191623/tools/bin/../lib/gcc/arm-none-eabi/12.3.1/thumb/v7e-m+fp/hard/crti.o
 .ARM.attributes
                0x00000022       0x34 D:/ProgramFiles/ST/STM32CubeIDE_1.16.1/STM32CubeIDE/plugins/com.st.stm32cube.ide.mcu.externaltools.gnu-tools-for-stm32.12.3.rel1.win32_1.0.200.202406191623/tools/bin/../lib/gcc/arm-none-eabi/12.3.1/thumb/v7e-m+fp/hard/crtbegin.o
 .ARM.attributes
                0x00000056       0x34 ./Core/Src/adc.o
 .ARM.attributes
                0x0000008a       0x34 ./Core/Src/dma.o
 .ARM.attributes
                0x000000be       0x34 ./Core/Src/esp_process.o
 .ARM.attributes
                0x000000f2       0x34 ./Core/Src/fsmc.o
 .ARM.attributes
                0x00000126       0x34 ./Core/Src/global.o
 .ARM.attributes
                0x0000015a       0x34 ./Core/Src/gpio.o
 .ARM.attributes
                0x0000018e       0x34 ./Core/Src/i2c.o
 .ARM.attributes
                0x000001c2       0x34 ./Core/Src/input_process.o
 .ARM.attributes
                0x000001f6       0x34 ./Core/Src/interface.o
 .ARM.attributes
                0x0000022a       0x34 ./Core/Src/lcd.o
 .ARM.attributes
                0x0000025e       0x34 ./Core/Src/main.o
 .ARM.attributes
                0x00000292       0x34 ./Core/Src/sensor.o
 .ARM.attributes
                0x000002c6       0x34 ./Core/Src/software_timer.o
 .ARM.attributes
                0x000002fa       0x34 ./Core/Src/spi.o
 .ARM.attributes
                0x0000032e       0x34 ./Core/Src/stm32f4xx_hal_msp.o
 .ARM.attributes
                0x00000362       0x34 ./Core/Src/stm32f4xx_it.o
 .ARM.attributes
                0x00000396       0x34 ./Core/Src/sysmem.o
 .ARM.attributes
                0x000003ca       0x34 ./Core/Src/system_stm32f4xx.o
 .ARM.attributes
                0x000003fe       0x34 ./Core/Src/tim.o
 .ARM.attributes
                0x00000432       0x34 ./Core/Src/uart.o
 .ARM.attributes
                0x00000466       0x34 ./Core/Src/usart.o
 .ARM.attributes
                0x0000049a       0x21 ./Core/Startup/startup_stm32f407zgtx.o
 .ARM.attributes
                0x000004bb       0x34 ./Drivers/STM32F4xx_HAL_Driver/Src/stm32f4xx_hal.o
 .ARM.attributes
                0x000004ef       0x34 ./Drivers/STM32F4xx_HAL_Driver/Src/stm32f4xx_hal_adc.o
 .ARM.attributes
                0x00000523       0x34 ./Drivers/STM32F4xx_HAL_Driver/Src/stm32f4xx_hal_cortex.o
 .ARM.attributes
                0x00000557       0x34 ./Drivers/STM32F4xx_HAL_Driver/Src/stm32f4xx_hal_dma.o
 .ARM.attributes
                0x0000058b       0x34 ./Drivers/STM32F4xx_HAL_Driver/Src/stm32f4xx_hal_gpio.o
 .ARM.attributes
                0x000005bf       0x34 ./Drivers/STM32F4xx_HAL_Driver/Src/stm32f4xx_hal_i2c.o
 .ARM.attributes
                0x000005f3       0x34 ./Drivers/STM32F4xx_HAL_Driver/Src/stm32f4xx_hal_rcc.o
 .ARM.attributes
                0x00000627       0x34 ./Drivers/STM32F4xx_HAL_Driver/Src/stm32f4xx_hal_spi.o
 .ARM.attributes
                0x0000065b       0x34 ./Drivers/STM32F4xx_HAL_Driver/Src/stm32f4xx_hal_sram.o
 .ARM.attributes
                0x0000068f       0x34 ./Drivers/STM32F4xx_HAL_Driver/Src/stm32f4xx_hal_tim.o
 .ARM.attributes
                0x000006c3       0x34 ./Drivers/STM32F4xx_HAL_Driver/Src/stm32f4xx_hal_tim_ex.o
 .ARM.attributes
                0x000006f7       0x34 ./Drivers/STM32F4xx_HAL_Driver/Src/stm32f4xx_hal_uart.o
 .ARM.attributes
                0x0000072b       0x34 ./Drivers/STM32F4xx_HAL_Driver/Src/stm32f4xx_ll_fsmc.o
 .ARM.attributes
                0x0000075f       0x34 D:/ProgramFiles/ST/STM32CubeIDE_1.16.1/STM32CubeIDE/plugins/com.st.stm32cube.ide.mcu.externaltools.gnu-tools-for-stm32.12.3.rel1.win32_1.0.200.202406191623/tools/bin/../lib/gcc/arm-none-eabi/12.3.1/../../../../arm-none-eabi/lib/thumb/v7e-m+fp/hard\libc_nano.a(libc_a-findfp.o)
 .ARM.attributes
                0x00000793       0x34 D:/ProgramFiles/ST/STM32CubeIDE_1.16.1/STM32CubeIDE/plugins/com.st.stm32cube.ide.mcu.externaltools.gnu-tools-for-stm32.12.3.rel1.win32_1.0.200.202406191623/tools/bin/../lib/gcc/arm-none-eabi/12.3.1/../../../../arm-none-eabi/lib/thumb/v7e-m+fp/hard\libc_nano.a(libc_a-sprintf.o)
 .ARM.attributes
                0x000007c7       0x34 D:/ProgramFiles/ST/STM32CubeIDE_1.16.1/STM32CubeIDE/plugins/com.st.stm32cube.ide.mcu.externaltools.gnu-tools-for-stm32.12.3.rel1.win32_1.0.200.202406191623/tools/bin/../lib/gcc/arm-none-eabi/12.3.1/../../../../arm-none-eabi/lib/thumb/v7e-m+fp/hard\libc_nano.a(libc_a-memset.o)
 .ARM.attributes
                0x000007fb       0x34 D:/ProgramFiles/ST/STM32CubeIDE_1.16.1/STM32CubeIDE/plugins/com.st.stm32cube.ide.mcu.externaltools.gnu-tools-for-stm32.12.3.rel1.win32_1.0.200.202406191623/tools/bin/../lib/gcc/arm-none-eabi/12.3.1/../../../../arm-none-eabi/lib/thumb/v7e-m+fp/hard\libc_nano.a(libc_a-reent.o)
 .ARM.attributes
                0x0000082f       0x34 D:/ProgramFiles/ST/STM32CubeIDE_1.16.1/STM32CubeIDE/plugins/com.st.stm32cube.ide.mcu.externaltools.gnu-tools-for-stm32.12.3.rel1.win32_1.0.200.202406191623/tools/bin/../lib/gcc/arm-none-eabi/12.3.1/../../../../arm-none-eabi/lib/thumb/v7e-m+fp/hard\libc_nano.a(libc_a-impure.o)
 .ARM.attributes
                0x00000863       0x34 D:/ProgramFiles/ST/STM32CubeIDE_1.16.1/STM32CubeIDE/plugins/com.st.stm32cube.ide.mcu.externaltools.gnu-tools-for-stm32.12.3.rel1.win32_1.0.200.202406191623/tools/bin/../lib/gcc/arm-none-eabi/12.3.1/../../../../arm-none-eabi/lib/thumb/v7e-m+fp/hard\libc_nano.a(libc_a-errno.o)
 .ARM.attributes
                0x00000897       0x34 D:/ProgramFiles/ST/STM32CubeIDE_1.16.1/STM32CubeIDE/plugins/com.st.stm32cube.ide.mcu.externaltools.gnu-tools-for-stm32.12.3.rel1.win32_1.0.200.202406191623/tools/bin/../lib/gcc/arm-none-eabi/12.3.1/../../../../arm-none-eabi/lib/thumb/v7e-m+fp/hard\libc_nano.a(libc_a-init.o)
 .ARM.attributes
                0x000008cb       0x34 D:/ProgramFiles/ST/STM32CubeIDE_1.16.1/STM32CubeIDE/plugins/com.st.stm32cube.ide.mcu.externaltools.gnu-tools-for-stm32.12.3.rel1.win32_1.0.200.202406191623/tools/bin/../lib/gcc/arm-none-eabi/12.3.1/../../../../arm-none-eabi/lib/thumb/v7e-m+fp/hard\libc_nano.a(libc_a-lock.o)
 .ARM.attributes
                0x000008ff       0x17 D:/ProgramFiles/ST/STM32CubeIDE_1.16.1/STM32CubeIDE/plugins/com.st.stm32cube.ide.mcu.externaltools.gnu-tools-for-stm32.12.3.rel1.win32_1.0.200.202406191623/tools/bin/../lib/gcc/arm-none-eabi/12.3.1/../../../../arm-none-eabi/lib/thumb/v7e-m+fp/hard\libc_nano.a(libc_a-strlen.o)
 .ARM.attributes
                0x00000916       0x34 D:/ProgramFiles/ST/STM32CubeIDE_1.16.1/STM32CubeIDE/plugins/com.st.stm32cube.ide.mcu.externaltools.gnu-tools-for-stm32.12.3.rel1.win32_1.0.200.202406191623/tools/bin/../lib/gcc/arm-none-eabi/12.3.1/../../../../arm-none-eabi/lib/thumb/v7e-m+fp/hard\libc_nano.a(libc_a-freer.o)
 .ARM.attributes
                0x0000094a       0x34 D:/ProgramFiles/ST/STM32CubeIDE_1.16.1/STM32CubeIDE/plugins/com.st.stm32cube.ide.mcu.externaltools.gnu-tools-for-stm32.12.3.rel1.win32_1.0.200.202406191623/tools/bin/../lib/gcc/arm-none-eabi/12.3.1/../../../../arm-none-eabi/lib/thumb/v7e-m+fp/hard\libc_nano.a(libc_a-mallocr.o)
 .ARM.attributes
                0x0000097e       0x34 D:/ProgramFiles/ST/STM32CubeIDE_1.16.1/STM32CubeIDE/plugins/com.st.stm32cube.ide.mcu.externaltools.gnu-tools-for-stm32.12.3.rel1.win32_1.0.200.202406191623/tools/bin/../lib/gcc/arm-none-eabi/12.3.1/../../../../arm-none-eabi/lib/thumb/v7e-m+fp/hard\libc_nano.a(libc_a-mlock.o)
 .ARM.attributes
                0x000009b2       0x34 D:/ProgramFiles/ST/STM32CubeIDE_1.16.1/STM32CubeIDE/plugins/com.st.stm32cube.ide.mcu.externaltools.gnu-tools-for-stm32.12.3.rel1.win32_1.0.200.202406191623/tools/bin/../lib/gcc/arm-none-eabi/12.3.1/../../../../arm-none-eabi/lib/thumb/v7e-m+fp/hard\libc_nano.a(libc_a-nano-svfprintf.o)
 .ARM.attributes
                0x000009e6       0x34 D:/ProgramFiles/ST/STM32CubeIDE_1.16.1/STM32CubeIDE/plugins/com.st.stm32cube.ide.mcu.externaltools.gnu-tools-for-stm32.12.3.rel1.win32_1.0.200.202406191623/tools/bin/../lib/gcc/arm-none-eabi/12.3.1/../../../../arm-none-eabi/lib/thumb/v7e-m+fp/hard\libc_nano.a(libc_a-nano-vfprintf_i.o)
 .ARM.attributes
                0x00000a1a       0x34 D:/ProgramFiles/ST/STM32CubeIDE_1.16.1/STM32CubeIDE/plugins/com.st.stm32cube.ide.mcu.externaltools.gnu-tools-for-stm32.12.3.rel1.win32_1.0.200.202406191623/tools/bin/../lib/gcc/arm-none-eabi/12.3.1/../../../../arm-none-eabi/lib/thumb/v7e-m+fp/hard\libc_nano.a(libc_a-memmove.o)
 .ARM.attributes
                0x00000a4e       0x34 D:/ProgramFiles/ST/STM32CubeIDE_1.16.1/STM32CubeIDE/plugins/com.st.stm32cube.ide.mcu.externaltools.gnu-tools-for-stm32.12.3.rel1.win32_1.0.200.202406191623/tools/bin/../lib/gcc/arm-none-eabi/12.3.1/../../../../arm-none-eabi/lib/thumb/v7e-m+fp/hard\libc_nano.a(libc_a-sbrkr.o)
 .ARM.attributes
                0x00000a82       0x1c D:/ProgramFiles/ST/STM32CubeIDE_1.16.1/STM32CubeIDE/plugins/com.st.stm32cube.ide.mcu.externaltools.gnu-tools-for-stm32.12.3.rel1.win32_1.0.200.202406191623/tools/bin/../lib/gcc/arm-none-eabi/12.3.1/../../../../arm-none-eabi/lib/thumb/v7e-m+fp/hard\libc_nano.a(libc_a-memchr.o)
 .ARM.attributes
                0x00000a9e       0x34 D:/ProgramFiles/ST/STM32CubeIDE_1.16.1/STM32CubeIDE/plugins/com.st.stm32cube.ide.mcu.externaltools.gnu-tools-for-stm32.12.3.rel1.win32_1.0.200.202406191623/tools/bin/../lib/gcc/arm-none-eabi/12.3.1/../../../../arm-none-eabi/lib/thumb/v7e-m+fp/hard\libc_nano.a(libc_a-memcpy-stub.o)
 .ARM.attributes
                0x00000ad2       0x34 D:/ProgramFiles/ST/STM32CubeIDE_1.16.1/STM32CubeIDE/plugins/com.st.stm32cube.ide.mcu.externaltools.gnu-tools-for-stm32.12.3.rel1.win32_1.0.200.202406191623/tools/bin/../lib/gcc/arm-none-eabi/12.3.1/../../../../arm-none-eabi/lib/thumb/v7e-m+fp/hard\libc_nano.a(libc_a-reallocr.o)
 .ARM.attributes
                0x00000b06       0x34 D:/ProgramFiles/ST/STM32CubeIDE_1.16.1/STM32CubeIDE/plugins/com.st.stm32cube.ide.mcu.externaltools.gnu-tools-for-stm32.12.3.rel1.win32_1.0.200.202406191623/tools/bin/../lib/gcc/arm-none-eabi/12.3.1/../../../../arm-none-eabi/lib/thumb/v7e-m+fp/hard\libc_nano.a(libc_a-msizer.o)
 .ARM.attributes
                0x00000b3a       0x22 D:/ProgramFiles/ST/STM32CubeIDE_1.16.1/STM32CubeIDE/plugins/com.st.stm32cube.ide.mcu.externaltools.gnu-tools-for-stm32.12.3.rel1.win32_1.0.200.202406191623/tools/bin/../lib/gcc/arm-none-eabi/12.3.1/thumb/v7e-m+fp/hard\libgcc.a(_aeabi_uldivmod.o)
 .ARM.attributes
                0x00000b5c       0x34 D:/ProgramFiles/ST/STM32CubeIDE_1.16.1/STM32CubeIDE/plugins/com.st.stm32cube.ide.mcu.externaltools.gnu-tools-for-stm32.12.3.rel1.win32_1.0.200.202406191623/tools/bin/../lib/gcc/arm-none-eabi/12.3.1/thumb/v7e-m+fp/hard\libgcc.a(_udivmoddi4.o)
 .ARM.attributes
                0x00000b90       0x22 D:/ProgramFiles/ST/STM32CubeIDE_1.16.1/STM32CubeIDE/plugins/com.st.stm32cube.ide.mcu.externaltools.gnu-tools-for-stm32.12.3.rel1.win32_1.0.200.202406191623/tools/bin/../lib/gcc/arm-none-eabi/12.3.1/thumb/v7e-m+fp/hard\libgcc.a(_dvmd_tls.o)
 .ARM.attributes
                0x00000bb2       0x22 D:/ProgramFiles/ST/STM32CubeIDE_1.16.1/STM32CubeIDE/plugins/com.st.stm32cube.ide.mcu.externaltools.gnu-tools-for-stm32.12.3.rel1.win32_1.0.200.202406191623/tools/bin/../lib/gcc/arm-none-eabi/12.3.1/thumb/v7e-m+fp/hard/crtn.o
OUTPUT(Lab8.elf elf32-littlearm)
LOAD linker stubs
LOAD D:/ProgramFiles/ST/STM32CubeIDE_1.16.1/STM32CubeIDE/plugins/com.st.stm32cube.ide.mcu.externaltools.gnu-tools-for-stm32.12.3.rel1.win32_1.0.200.202406191623/tools/bin/../lib/gcc/arm-none-eabi/12.3.1/../../../../arm-none-eabi/lib/thumb/v7e-m+fp/hard\libc.a
LOAD D:/ProgramFiles/ST/STM32CubeIDE_1.16.1/STM32CubeIDE/plugins/com.st.stm32cube.ide.mcu.externaltools.gnu-tools-for-stm32.12.3.rel1.win32_1.0.200.202406191623/tools/bin/../lib/gcc/arm-none-eabi/12.3.1/../../../../arm-none-eabi/lib/thumb/v7e-m+fp/hard\libm.a
LOAD D:/ProgramFiles/ST/STM32CubeIDE_1.16.1/STM32CubeIDE/plugins/com.st.stm32cube.ide.mcu.externaltools.gnu-tools-for-stm32.12.3.rel1.win32_1.0.200.202406191623/tools/bin/../lib/gcc/arm-none-eabi/12.3.1/thumb/v7e-m+fp/hard\libgcc.a

.debug_info     0x00000000    0x1864e
 .debug_info    0x00000000      0x646 ./Core/Src/adc.o
 .debug_info    0x00000646      0x4ad ./Core/Src/dma.o
 .debug_info    0x00000af3      0x18f ./Core/Src/esp_process.o
 .debug_info    0x00000c82      0x607 ./Core/Src/fsmc.o
 .debug_info    0x00001289       0x91 ./Core/Src/global.o
 .debug_info    0x0000131a      0x479 ./Core/Src/gpio.o
 .debug_info    0x00001793      0x638 ./Core/Src/i2c.o
 .debug_info    0x00001dcb       0xbd ./Core/Src/input_process.o
 .debug_info    0x00001e88      0x154 ./Core/Src/interface.o
 .debug_info    0x00001fdc      0xd96 ./Core/Src/lcd.o
 .debug_info    0x00002d72      0x91a ./Core/Src/main.o
 .debug_info    0x0000368c      0x67f ./Core/Src/sensor.o
 .debug_info    0x00003d0b      0x7c0 ./Core/Src/software_timer.o
 .debug_info    0x000044cb      0x615 ./Core/Src/spi.o
 .debug_info    0x00004ae0     0x1c2c ./Core/Src/stm32f4xx_hal_msp.o
 .debug_info    0x0000670c      0x9ae ./Core/Src/stm32f4xx_it.o
 .debug_info    0x000070ba      0x168 ./Core/Src/sysmem.o
 .debug_info    0x00007222      0x512 ./Core/Src/system_stm32f4xx.o
 .debug_info    0x00007734      0x8a2 ./Core/Src/tim.o
 .debug_info    0x00007fd6      0x88d ./Core/Src/uart.o
 .debug_info    0x00008863      0x5e5 ./Core/Src/usart.o
 .debug_info    0x00008e48       0x30 ./Core/Startup/startup_stm32f407zgtx.o
 .debug_info    0x00008e78      0x948 ./Drivers/STM32F4xx_HAL_Driver/Src/stm32f4xx_hal.o
 .debug_info    0x000097c0      0xcb6 ./Drivers/STM32F4xx_HAL_Driver/Src/stm32f4xx_hal_adc.o
 .debug_info    0x0000a476      0xd46 ./Drivers/STM32F4xx_HAL_Driver/Src/stm32f4xx_hal_cortex.o
 .debug_info    0x0000b1bc      0x8e7 ./Drivers/STM32F4xx_HAL_Driver/Src/stm32f4xx_hal_dma.o
 .debug_info    0x0000baa3      0x6c3 ./Drivers/STM32F4xx_HAL_Driver/Src/stm32f4xx_hal_gpio.o
 .debug_info    0x0000c166     0x23e1 ./Drivers/STM32F4xx_HAL_Driver/Src/stm32f4xx_hal_i2c.o
 .debug_info    0x0000e547      0x8b1 ./Drivers/STM32F4xx_HAL_Driver/Src/stm32f4xx_hal_rcc.o
 .debug_info    0x0000edf8     0x15fb ./Drivers/STM32F4xx_HAL_Driver/Src/stm32f4xx_hal_spi.o
 .debug_info    0x000103f3      0xb3e ./Drivers/STM32F4xx_HAL_Driver/Src/stm32f4xx_hal_sram.o
 .debug_info    0x00010f31     0x2949 ./Drivers/STM32F4xx_HAL_Driver/Src/stm32f4xx_hal_tim.o
 .debug_info    0x0001387a     0x14ae ./Drivers/STM32F4xx_HAL_Driver/Src/stm32f4xx_hal_tim_ex.o
 .debug_info    0x00014d28     0x2f9a ./Drivers/STM32F4xx_HAL_Driver/Src/stm32f4xx_hal_uart.o
 .debug_info    0x00017cc2      0x98c ./Drivers/STM32F4xx_HAL_Driver/Src/stm32f4xx_ll_fsmc.o

.debug_abbrev   0x00000000     0x3e53
 .debug_abbrev  0x00000000      0x183 ./Core/Src/adc.o
 .debug_abbrev  0x00000183      0x10e ./Core/Src/dma.o
 .debug_abbrev  0x00000291       0xe5 ./Core/Src/esp_process.o
 .debug_abbrev  0x00000376      0x186 ./Core/Src/fsmc.o
 .debug_abbrev  0x000004fc       0x4a ./Core/Src/global.o
 .debug_abbrev  0x00000546      0x152 ./Core/Src/gpio.o
 .debug_abbrev  0x00000698      0x161 ./Core/Src/i2c.o
 .debug_abbrev  0x000007f9       0x83 ./Core/Src/input_process.o
 .debug_abbrev  0x0000087c       0x8e ./Core/Src/interface.o
 .debug_abbrev  0x0000090a      0x32a ./Core/Src/lcd.o
 .debug_abbrev  0x00000c34      0x26c ./Core/Src/main.o
 .debug_abbrev  0x00000ea0      0x1a8 ./Core/Src/sensor.o
 .debug_abbrev  0x00001048      0x1cc ./Core/Src/software_timer.o
 .debug_abbrev  0x00001214      0x173 ./Core/Src/spi.o
 .debug_abbrev  0x00001387      0x287 ./Core/Src/stm32f4xx_hal_msp.o
 .debug_abbrev  0x0000160e      0x194 ./Core/Src/stm32f4xx_it.o
 .debug_abbrev  0x000017a2       0xbc ./Core/Src/sysmem.o
 .debug_abbrev  0x0000185e      0x11a ./Core/Src/system_stm32f4xx.o
 .debug_abbrev  0x00001978      0x1cf ./Core/Src/tim.o
 .debug_abbrev  0x00001b47      0x231 ./Core/Src/uart.o
 .debug_abbrev  0x00001d78      0x168 ./Core/Src/usart.o
 .debug_abbrev  0x00001ee0       0x24 ./Core/Startup/startup_stm32f407zgtx.o
 .debug_abbrev  0x00001f04      0x213 ./Drivers/STM32F4xx_HAL_Driver/Src/stm32f4xx_hal.o
 .debug_abbrev  0x00002117      0x252 ./Drivers/STM32F4xx_HAL_Driver/Src/stm32f4xx_hal_adc.o
 .debug_abbrev  0x00002369      0x327 ./Drivers/STM32F4xx_HAL_Driver/Src/stm32f4xx_hal_cortex.o
 .debug_abbrev  0x00002690      0x264 ./Drivers/STM32F4xx_HAL_Driver/Src/stm32f4xx_hal_dma.o
 .debug_abbrev  0x000028f4      0x1d4 ./Drivers/STM32F4xx_HAL_Driver/Src/stm32f4xx_hal_gpio.o
 .debug_abbrev  0x00002ac8      0x2ad ./Drivers/STM32F4xx_HAL_Driver/Src/stm32f4xx_hal_i2c.o
 .debug_abbrev  0x00002d75      0x2b6 ./Drivers/STM32F4xx_HAL_Driver/Src/stm32f4xx_hal_rcc.o
 .debug_abbrev  0x0000302b      0x284 ./Drivers/STM32F4xx_HAL_Driver/Src/stm32f4xx_hal_spi.o
 .debug_abbrev  0x000032af      0x208 ./Drivers/STM32F4xx_HAL_Driver/Src/stm32f4xx_hal_sram.o
 .debug_abbrev  0x000034b7      0x271 ./Drivers/STM32F4xx_HAL_Driver/Src/stm32f4xx_hal_tim.o
 .debug_abbrev  0x00003728      0x27c ./Drivers/STM32F4xx_HAL_Driver/Src/stm32f4xx_hal_tim_ex.o
 .debug_abbrev  0x000039a4      0x307 ./Drivers/STM32F4xx_HAL_Driver/Src/stm32f4xx_hal_uart.o
 .debug_abbrev  0x00003cab      0x1a8 ./Drivers/STM32F4xx_HAL_Driver/Src/stm32f4xx_ll_fsmc.o

.debug_aranges  0x00000000     0x1680
 .debug_aranges
                0x00000000       0x20 ./Core/Src/adc.o
 .debug_aranges
                0x00000020       0x20 ./Core/Src/dma.o
 .debug_aranges
                0x00000040       0x20 ./Core/Src/esp_process.o
 .debug_aranges
                0x00000060       0x20 ./Core/Src/fsmc.o
 .debug_aranges
                0x00000080       0x18 ./Core/Src/global.o
 .debug_aranges
                0x00000098       0x20 ./Core/Src/gpio.o
 .debug_aranges
                0x000000b8       0x20 ./Core/Src/i2c.o
 .debug_aranges
                0x000000d8       0x20 ./Core/Src/input_process.o
 .debug_aranges
                0x000000f8       0x28 ./Core/Src/interface.o
 .debug_aranges
                0x00000120       0xd8 ./Core/Src/lcd.o
 .debug_aranges
                0x000001f8       0x40 ./Core/Src/main.o
 .debug_aranges
                0x00000238       0x50 ./Core/Src/sensor.o
 .debug_aranges
                0x00000288       0x48 ./Core/Src/software_timer.o
 .debug_aranges
                0x000002d0       0x20 ./Core/Src/spi.o
 .debug_aranges
                0x000002f0       0x98 ./Core/Src/stm32f4xx_hal_msp.o
 .debug_aranges
                0x00000388       0x80 ./Core/Src/stm32f4xx_it.o
 .debug_aranges
                0x00000408       0x20 ./Core/Src/sysmem.o
 .debug_aranges
                0x00000428       0x28 ./Core/Src/system_stm32f4xx.o
 .debug_aranges
                0x00000450       0x30 ./Core/Src/tim.o
 .debug_aranges
                0x00000480       0x60 ./Core/Src/uart.o
 .debug_aranges
                0x000004e0       0x28 ./Core/Src/usart.o
 .debug_aranges
                0x00000508       0x28 ./Core/Startup/startup_stm32f407zgtx.o
 .debug_aranges
                0x00000530       0xf0 ./Drivers/STM32F4xx_HAL_Driver/Src/stm32f4xx_hal.o
 .debug_aranges
                0x00000620       0xe8 ./Drivers/STM32F4xx_HAL_Driver/Src/stm32f4xx_hal_adc.o
 .debug_aranges
                0x00000708      0x118 ./Drivers/STM32F4xx_HAL_Driver/Src/stm32f4xx_hal_cortex.o
 .debug_aranges
                0x00000820       0x90 ./Drivers/STM32F4xx_HAL_Driver/Src/stm32f4xx_hal_dma.o
 .debug_aranges
                0x000008b0       0x58 ./Drivers/STM32F4xx_HAL_Driver/Src/stm32f4xx_hal_gpio.o
 .debug_aranges
                0x00000908      0x2a0 ./Drivers/STM32F4xx_HAL_Driver/Src/stm32f4xx_hal_i2c.o
 .debug_aranges
                0x00000ba8       0x88 ./Drivers/STM32F4xx_HAL_Driver/Src/stm32f4xx_hal_rcc.o
 .debug_aranges
                0x00000c30      0x1d0 ./Drivers/STM32F4xx_HAL_Driver/Src/stm32f4xx_hal_spi.o
 .debug_aranges
                0x00000e00       0xa0 ./Drivers/STM32F4xx_HAL_Driver/Src/stm32f4xx_hal_sram.o
 .debug_aranges
                0x00000ea0      0x3d0 ./Drivers/STM32F4xx_HAL_Driver/Src/stm32f4xx_hal_tim.o
 .debug_aranges
                0x00001270      0x168 ./Drivers/STM32F4xx_HAL_Driver/Src/stm32f4xx_hal_tim_ex.o
 .debug_aranges
                0x000013d8      0x200 ./Drivers/STM32F4xx_HAL_Driver/Src/stm32f4xx_hal_uart.o
 .debug_aranges
                0x000015d8       0xa8 ./Drivers/STM32F4xx_HAL_Driver/Src/stm32f4xx_ll_fsmc.o

.debug_rnglists
                0x00000000     0x1164
 .debug_rnglists
                0x00000000       0x14 ./Core/Src/adc.o
 .debug_rnglists
                0x00000014       0x13 ./Core/Src/dma.o
 .debug_rnglists
                0x00000027       0x14 ./Core/Src/esp_process.o
 .debug_rnglists
                0x0000003b       0x14 ./Core/Src/fsmc.o
 .debug_rnglists
                0x0000004f       0x14 ./Core/Src/gpio.o
 .debug_rnglists
                0x00000063       0x13 ./Core/Src/i2c.o
 .debug_rnglists
                0x00000076       0x13 ./Core/Src/input_process.o
 .debug_rnglists
                0x00000089       0x19 ./Core/Src/interface.o
 .debug_rnglists
                0x000000a2       0xa8 ./Core/Src/lcd.o
 .debug_rnglists
                0x0000014a       0x2c ./Core/Src/main.o
 .debug_rnglists
                0x00000176       0x38 ./Core/Src/sensor.o
 .debug_rnglists
                0x000001ae       0x32 ./Core/Src/software_timer.o
 .debug_rnglists
                0x000001e0       0x13 ./Core/Src/spi.o
 .debug_rnglists
                0x000001f3       0x73 ./Core/Src/stm32f4xx_hal_msp.o
 .debug_rnglists
                0x00000266       0x5b ./Core/Src/stm32f4xx_it.o
 .debug_rnglists
                0x000002c1       0x13 ./Core/Src/sysmem.o
 .debug_rnglists
                0x000002d4       0x1a ./Core/Src/system_stm32f4xx.o
 .debug_rnglists
                0x000002ee       0x22 ./Core/Src/tim.o
 .debug_rnglists
                0x00000310       0x44 ./Core/Src/uart.o
 .debug_rnglists
                0x00000354       0x19 ./Core/Src/usart.o
 .debug_rnglists
                0x0000036d       0x19 ./Core/Startup/startup_stm32f407zgtx.o
 .debug_rnglists
                0x00000386       0xaf ./Drivers/STM32F4xx_HAL_Driver/Src/stm32f4xx_hal.o
 .debug_rnglists
                0x00000435       0xb5 ./Drivers/STM32F4xx_HAL_Driver/Src/stm32f4xx_hal_adc.o
 .debug_rnglists
                0x000004ea       0xce ./Drivers/STM32F4xx_HAL_Driver/Src/stm32f4xx_hal_cortex.o
 .debug_rnglists
                0x000005b8       0x70 ./Drivers/STM32F4xx_HAL_Driver/Src/stm32f4xx_hal_dma.o
 .debug_rnglists
                0x00000628       0x3f ./Drivers/STM32F4xx_HAL_Driver/Src/stm32f4xx_hal_gpio.o
 .debug_rnglists
                0x00000667      0x23f ./Drivers/STM32F4xx_HAL_Driver/Src/stm32f4xx_hal_i2c.o
 .debug_rnglists
                0x000008a6       0x66 ./Drivers/STM32F4xx_HAL_Driver/Src/stm32f4xx_hal_rcc.o
 .debug_rnglists
                0x0000090c      0x16f ./Drivers/STM32F4xx_HAL_Driver/Src/stm32f4xx_hal_spi.o
 .debug_rnglists
                0x00000a7b       0x76 ./Drivers/STM32F4xx_HAL_Driver/Src/stm32f4xx_hal_sram.o
 .debug_rnglists
                0x00000af1      0x31a ./Drivers/STM32F4xx_HAL_Driver/Src/stm32f4xx_hal_tim.o
 .debug_rnglists
                0x00000e0b      0x125 ./Drivers/STM32F4xx_HAL_Driver/Src/stm32f4xx_hal_tim_ex.o
 .debug_rnglists
                0x00000f30      0x1b7 ./Drivers/STM32F4xx_HAL_Driver/Src/stm32f4xx_hal_uart.o
 .debug_rnglists
                0x000010e7       0x7d ./Drivers/STM32F4xx_HAL_Driver/Src/stm32f4xx_ll_fsmc.o

.debug_macro    0x00000000    0x26766
 .debug_macro   0x00000000      0x24e ./Core/Src/adc.o
 .debug_macro   0x0000024e      0xab4 ./Core/Src/adc.o
 .debug_macro   0x00000d02      0x2b3 ./Core/Src/adc.o
 .debug_macro   0x00000fb5       0x2e ./Core/Src/adc.o
 .debug_macro   0x00000fe3       0x2f ./Core/Src/adc.o
 .debug_macro   0x00001012       0x22 ./Core/Src/adc.o
 .debug_macro   0x00001034       0x8e ./Core/Src/adc.o
 .debug_macro   0x000010c2       0x51 ./Core/Src/adc.o
 .debug_macro   0x00001113      0x103 ./Core/Src/adc.o
 .debug_macro   0x00001216       0x6a ./Core/Src/adc.o
 .debug_macro   0x00001280      0x1df ./Core/Src/adc.o
 .debug_macro   0x0000145f       0x1c ./Core/Src/adc.o
 .debug_macro   0x0000147b       0x22 ./Core/Src/adc.o
 .debug_macro   0x0000149d       0xd9 ./Core/Src/adc.o
 .debug_macro   0x00001576     0x102d ./Core/Src/adc.o
 .debug_macro   0x000025a3      0x11f ./Core/Src/adc.o
 .debug_macro   0x000026c2    0x15e58 ./Core/Src/adc.o
 .debug_macro   0x0001851a       0x6d ./Core/Src/adc.o
 .debug_macro   0x00018587     0x3666 ./Core/Src/adc.o
 .debug_macro   0x0001bbed      0x189 ./Core/Src/adc.o
 .debug_macro   0x0001bd76       0x5c ./Core/Src/adc.o
 .debug_macro   0x0001bdd2      0x96b ./Core/Src/adc.o
 .debug_macro   0x0001c73d      0x9fe ./Core/Src/adc.o
 .debug_macro   0x0001d13b      0x116 ./Core/Src/adc.o
 .debug_macro   0x0001d251      0x13e ./Core/Src/adc.o
 .debug_macro   0x0001d38f       0xa5 ./Core/Src/adc.o
 .debug_macro   0x0001d434      0x174 ./Core/Src/adc.o
 .debug_macro   0x0001d5a8      0x287 ./Core/Src/adc.o
 .debug_macro   0x0001d82f       0x5f ./Core/Src/adc.o
 .debug_macro   0x0001d88e      0x236 ./Core/Src/adc.o
 .debug_macro   0x0001dac4      0xb5b ./Core/Src/adc.o
 .debug_macro   0x0001e61f      0x38b ./Core/Src/adc.o
 .debug_macro   0x0001e9aa      0x176 ./Core/Src/adc.o
 .debug_macro   0x0001eb20       0xf9 ./Core/Src/adc.o
 .debug_macro   0x0001ec19      0x12c ./Core/Src/adc.o
 .debug_macro   0x0001ed45      0x21e ./Core/Src/adc.o
 .debug_macro   0x0001ef63       0x2e ./Core/Src/adc.o
 .debug_macro   0x0001ef91      0x543 ./Core/Src/adc.o
 .debug_macro   0x0001f4d4      0x1b5 ./Core/Src/adc.o
 .debug_macro   0x0001f689       0xd6 ./Core/Src/adc.o
 .debug_macro   0x0001f75f      0x11a ./Core/Src/adc.o
 .debug_macro   0x0001f879       0x7e ./Core/Src/adc.o
 .debug_macro   0x0001f8f7       0x89 ./Core/Src/adc.o
 .debug_macro   0x0001f980      0x225 ./Core/Src/adc.o
 .debug_macro   0x0001fba5      0x8d1 ./Core/Src/adc.o
 .debug_macro   0x00020476       0x47 ./Core/Src/adc.o
 .debug_macro   0x000204bd      0x295 ./Core/Src/adc.o
 .debug_macro   0x00020752      0x12d ./Core/Src/adc.o
 .debug_macro   0x0002087f       0x94 ./Core/Src/adc.o
 .debug_macro   0x00020913      0x24e ./Core/Src/dma.o
 .debug_macro   0x00020b61      0x3b5 ./Core/Src/esp_process.o
 .debug_macro   0x00020f16       0x2a ./Core/Src/esp_process.o
 .debug_macro   0x00020f40       0x61 ./Core/Src/esp_process.o
 .debug_macro   0x00020fa1       0x43 ./Core/Src/esp_process.o
 .debug_macro   0x00020fe4       0x34 ./Core/Src/esp_process.o
 .debug_macro   0x00021018       0x16 ./Core/Src/esp_process.o
 .debug_macro   0x0002102e       0x35 ./Core/Src/esp_process.o
 .debug_macro   0x00021063       0x16 ./Core/Src/esp_process.o
 .debug_macro   0x00021079       0x43 ./Core/Src/esp_process.o
 .debug_macro   0x000210bc       0x34 ./Core/Src/esp_process.o
 .debug_macro   0x000210f0       0x10 ./Core/Src/esp_process.o
 .debug_macro   0x00021100       0x58 ./Core/Src/esp_process.o
 .debug_macro   0x00021158       0x8e ./Core/Src/esp_process.o
 .debug_macro   0x000211e6       0x1c ./Core/Src/esp_process.o
 .debug_macro   0x00021202      0x177 ./Core/Src/esp_process.o
 .debug_macro   0x00021379      0x369 ./Core/Src/esp_process.o
 .debug_macro   0x000216e2       0x16 ./Core/Src/esp_process.o
 .debug_macro   0x000216f8       0x29 ./Core/Src/esp_process.o
 .debug_macro   0x00021721       0x16 ./Core/Src/esp_process.o
 .debug_macro   0x00021737       0x20 ./Core/Src/esp_process.o
 .debug_macro   0x00021757       0xca ./Core/Src/esp_process.o
 .debug_macro   0x00021821       0x1c ./Core/Src/esp_process.o
 .debug_macro   0x0002183d       0x10 ./Core/Src/esp_process.o
 .debug_macro   0x0002184d       0x1c ./Core/Src/esp_process.o
 .debug_macro   0x00021869       0x16 ./Core/Src/esp_process.o
 .debug_macro   0x0002187f      0x146 ./Core/Src/esp_process.o
 .debug_macro   0x000219c5      0x24e ./Core/Src/fsmc.o
 .debug_macro   0x00021c13      0x24e ./Core/Src/global.o
 .debug_macro   0x00021e61      0x24e ./Core/Src/gpio.o
 .debug_macro   0x000220af      0x24e ./Core/Src/i2c.o
 .debug_macro   0x000222fd      0x26c ./Core/Src/input_process.o
 .debug_macro   0x00022569      0x363 ./Core/Src/interface.o
 .debug_macro   0x000228cc      0x359 ./Core/Src/lcd.o
 .debug_macro   0x00022c25      0x464 ./Core/Src/main.o
 .debug_macro   0x00023089      0x258 ./Core/Src/sensor.o
 .debug_macro   0x000232e1      0x25e ./Core/Src/software_timer.o
 .debug_macro   0x0002353f      0x24e ./Core/Src/spi.o
 .debug_macro   0x0002378d      0x244 ./Core/Src/stm32f4xx_hal_msp.o
 .debug_macro   0x000239d1      0x24e ./Core/Src/stm32f4xx_it.o
 .debug_macro   0x00023c1f       0xff ./Core/Src/sysmem.o
 .debug_macro   0x00023d1e      0x23c ./Core/Src/sysmem.o
 .debug_macro   0x00023f5a      0x235 ./Core/Src/system_stm32f4xx.o
 .debug_macro   0x0002418f      0x24e ./Core/Src/tim.o
 .debug_macro   0x000243dd      0x3a1 ./Core/Src/uart.o
 .debug_macro   0x0002477e      0x24e ./Core/Src/usart.o
 .debug_macro   0x000249cc      0x295 ./Drivers/STM32F4xx_HAL_Driver/Src/stm32f4xx_hal.o
 .debug_macro   0x00024c61      0x236 ./Drivers/STM32F4xx_HAL_Driver/Src/stm32f4xx_hal_adc.o
 .debug_macro   0x00024e97      0x235 ./Drivers/STM32F4xx_HAL_Driver/Src/stm32f4xx_hal_cortex.o
 .debug_macro   0x000250cc      0x23b ./Drivers/STM32F4xx_HAL_Driver/Src/stm32f4xx_hal_dma.o
 .debug_macro   0x00025307      0x23b ./Drivers/STM32F4xx_HAL_Driver/Src/stm32f4xx_hal_gpio.o
 .debug_macro   0x00025542      0x27c ./Drivers/STM32F4xx_HAL_Driver/Src/stm32f4xx_hal_i2c.o
 .debug_macro   0x000257be      0x259 ./Drivers/STM32F4xx_HAL_Driver/Src/stm32f4xx_hal_rcc.o
 .debug_macro   0x00025a17      0x244 ./Drivers/STM32F4xx_HAL_Driver/Src/stm32f4xx_hal_spi.o
 .debug_macro   0x00025c5b      0x235 ./Drivers/STM32F4xx_HAL_Driver/Src/stm32f4xx_hal_sram.o
 .debug_macro   0x00025e90      0x236 ./Drivers/STM32F4xx_HAL_Driver/Src/stm32f4xx_hal_tim.o
 .debug_macro   0x000260c6      0x235 ./Drivers/STM32F4xx_HAL_Driver/Src/stm32f4xx_hal_tim_ex.o
 .debug_macro   0x000262fb      0x236 ./Drivers/STM32F4xx_HAL_Driver/Src/stm32f4xx_hal_uart.o
 .debug_macro   0x00026531      0x235 ./Drivers/STM32F4xx_HAL_Driver/Src/stm32f4xx_ll_fsmc.o

.debug_line     0x00000000    0x22459
 .debug_line    0x00000000      0x93d ./Core/Src/adc.o
 .debug_line    0x0000093d      0x8c4 ./Core/Src/dma.o
 .debug_line    0x00001201      0xadb ./Core/Src/esp_process.o
 .debug_line    0x00001cdc      0x920 ./Core/Src/fsmc.o
 .debug_line    0x000025fc      0x8b1 ./Core/Src/global.o
 .debug_line    0x00002ead      0x940 ./Core/Src/gpio.o
 .debug_line    0x000037ed      0x8e5 ./Core/Src/i2c.o
 .debug_line    0x000040d2      0x8fd ./Core/Src/input_process.o
 .debug_line    0x000049cf      0xa91 ./Core/Src/interface.o
 .debug_line    0x00005460     0x1147 ./Core/Src/lcd.o
 .debug_line    0x000065a7      0xc2f ./Core/Src/main.o
 .debug_line    0x000071d6      0x985 ./Core/Src/sensor.o
 .debug_line    0x00007b5b      0x99f ./Core/Src/software_timer.o
 .debug_line    0x000084fa      0x8ee ./Core/Src/spi.o
 .debug_line    0x00008de8      0xbb7 ./Core/Src/stm32f4xx_hal_msp.o
 .debug_line    0x0000999f      0x9eb ./Core/Src/stm32f4xx_it.o
 .debug_line    0x0000a38a      0x64c ./Core/Src/sysmem.o
 .debug_line    0x0000a9d6      0x94d ./Core/Src/system_stm32f4xx.o
 .debug_line    0x0000b323      0x99e ./Core/Src/tim.o
 .debug_line    0x0000bcc1      0xbcb ./Core/Src/uart.o
 .debug_line    0x0000c88c      0x91d ./Core/Src/usart.o
 .debug_line    0x0000d1a9       0x7a ./Core/Startup/startup_stm32f407zgtx.o
 .debug_line    0x0000d223      0xbb6 ./Drivers/STM32F4xx_HAL_Driver/Src/stm32f4xx_hal.o
 .debug_line    0x0000ddd9     0x143c ./Drivers/STM32F4xx_HAL_Driver/Src/stm32f4xx_hal_adc.o
 .debug_line    0x0000f215      0xe63 ./Drivers/STM32F4xx_HAL_Driver/Src/stm32f4xx_hal_cortex.o
 .debug_line    0x00010078     0x1129 ./Drivers/STM32F4xx_HAL_Driver/Src/stm32f4xx_hal_dma.o
 .debug_line    0x000111a1      0xd44 ./Drivers/STM32F4xx_HAL_Driver/Src/stm32f4xx_hal_gpio.o